/home/harsh/.local/lib/python3.12/site-packages/setuptools/_distutils/dist.py:289: UserWarning: Unknown distribution option: 'tests_require'
  warnings.warn(msg)
running egg_info
creating ../../../build/ros2_project/ros2_project.egg-info
writing ../../../build/ros2_project/ros2_project.egg-info/PKG-INFO
writing dependency_links to ../../../build/ros2_project/ros2_project.egg-info/dependency_links.txt
writing entry points to ../../../build/ros2_project/ros2_project.egg-info/entry_points.txt
writing requirements to ../../../build/ros2_project/ros2_project.egg-info/requires.txt
writing top-level names to ../../../build/ros2_project/ros2_project.egg-info/top_level.txt
writing manifest file '../../../build/ros2_project/ros2_project.egg-info/SOURCES.txt'
reading manifest file '../../../build/ros2_project/ros2_project.egg-info/SOURCES.txt'
adding license file 'LICENSE'
writing manifest file '../../../build/ros2_project/ros2_project.egg-info/SOURCES.txt'
running build
running build_py
creating /home/harsh/ros2_project/build/ros2_project/build/lib/ros2_project
copying ros2_project/image_saver.py -> /home/harsh/ros2_project/build/ros2_project/build/lib/ros2_project
copying ros2_project/camera_info_publisher.py -> /home/harsh/ros2_project/build/ros2_project/build/lib/ros2_project
copying ros2_project/__init__.py -> /home/harsh/ros2_project/build/ros2_project/build/lib/ros2_project
copying ros2_project/coordinates (Copy).py -> /home/harsh/ros2_project/build/ros2_project/build/lib/ros2_project
copying ros2_project/processes.py -> /home/harsh/ros2_project/build/ros2_project/build/lib/ros2_project
copying ros2_project/velocity_control.py -> /home/harsh/ros2_project/build/ros2_project/build/lib/ros2_project
copying ros2_project/control.py -> /home/harsh/ros2_project/build/ros2_project/build/lib/ros2_project
copying ros2_project/image_viewer.py -> /home/harsh/ros2_project/build/ros2_project/build/lib/ros2_project
copying ros2_project/visualizer.py -> /home/harsh/ros2_project/build/ros2_project/build/lib/ros2_project
copying ros2_project/yolo.py -> /home/harsh/ros2_project/build/ros2_project/build/lib/ros2_project
copying ros2_project/odometry_tf_broadcaster.py -> /home/harsh/ros2_project/build/ros2_project/build/lib/ros2_project
copying ros2_project/coordinates.py -> /home/harsh/ros2_project/build/ros2_project/build/lib/ros2_project
running install
running install_lib
creating /home/harsh/ros2_project/install/ros2_project/lib/python3.12/site-packages/ros2_project
copying /home/harsh/ros2_project/build/ros2_project/build/lib/ros2_project/image_saver.py -> /home/harsh/ros2_project/install/ros2_project/lib/python3.12/site-packages/ros2_project
copying /home/harsh/ros2_project/build/ros2_project/build/lib/ros2_project/camera_info_publisher.py -> /home/harsh/ros2_project/install/ros2_project/lib/python3.12/site-packages/ros2_project
copying /home/harsh/ros2_project/build/ros2_project/build/lib/ros2_project/__init__.py -> /home/harsh/ros2_project/install/ros2_project/lib/python3.12/site-packages/ros2_project
copying /home/harsh/ros2_project/build/ros2_project/build/lib/ros2_project/coordinates (Copy).py -> /home/harsh/ros2_project/install/ros2_project/lib/python3.12/site-packages/ros2_project
copying /home/harsh/ros2_project/build/ros2_project/build/lib/ros2_project/processes.py -> /home/harsh/ros2_project/install/ros2_project/lib/python3.12/site-packages/ros2_project
copying /home/harsh/ros2_project/build/ros2_project/build/lib/ros2_project/velocity_control.py -> /home/harsh/ros2_project/install/ros2_project/lib/python3.12/site-packages/ros2_project
copying /home/harsh/ros2_project/build/ros2_project/build/lib/ros2_project/control.py -> /home/harsh/ros2_project/install/ros2_project/lib/python3.12/site-packages/ros2_project
copying /home/harsh/ros2_project/build/ros2_project/build/lib/ros2_project/image_viewer.py -> /home/harsh/ros2_project/install/ros2_project/lib/python3.12/site-packages/ros2_project
copying /home/harsh/ros2_project/build/ros2_project/build/lib/ros2_project/visualizer.py -> /home/harsh/ros2_project/install/ros2_project/lib/python3.12/site-packages/ros2_project
copying /home/harsh/ros2_project/build/ros2_project/build/lib/ros2_project/yolo.py -> /home/harsh/ros2_project/install/ros2_project/lib/python3.12/site-packages/ros2_project
copying /home/harsh/ros2_project/build/ros2_project/build/lib/ros2_project/odometry_tf_broadcaster.py -> /home/harsh/ros2_project/install/ros2_project/lib/python3.12/site-packages/ros2_project
copying /home/harsh/ros2_project/build/ros2_project/build/lib/ros2_project/coordinates.py -> /home/harsh/ros2_project/install/ros2_project/lib/python3.12/site-packages/ros2_project
byte-compiling /home/harsh/ros2_project/install/ros2_project/lib/python3.12/site-packages/ros2_project/image_saver.py to image_saver.cpython-312.pyc
byte-compiling /home/harsh/ros2_project/install/ros2_project/lib/python3.12/site-packages/ros2_project/camera_info_publisher.py to camera_info_publisher.cpython-312.pyc
byte-compiling /home/harsh/ros2_project/install/ros2_project/lib/python3.12/site-packages/ros2_project/__init__.py to __init__.cpython-312.pyc
byte-compiling /home/harsh/ros2_project/install/ros2_project/lib/python3.12/site-packages/ros2_project/coordinates (Copy).py to coordinates (Copy).cpython-312.pyc
byte-compiling /home/harsh/ros2_project/install/ros2_project/lib/python3.12/site-packages/ros2_project/processes.py to processes.cpython-312.pyc
byte-compiling /home/harsh/ros2_project/install/ros2_project/lib/python3.12/site-packages/ros2_project/velocity_control.py to velocity_control.cpython-312.pyc
byte-compiling /home/harsh/ros2_project/install/ros2_project/lib/python3.12/site-packages/ros2_project/control.py to control.cpython-312.pyc
byte-compiling /home/harsh/ros2_project/install/ros2_project/lib/python3.12/site-packages/ros2_project/image_viewer.py to image_viewer.cpython-312.pyc
byte-compiling /home/harsh/ros2_project/install/ros2_project/lib/python3.12/site-packages/ros2_project/visualizer.py to visualizer.cpython-312.pyc
byte-compiling /home/harsh/ros2_project/install/ros2_project/lib/python3.12/site-packages/ros2_project/yolo.py to yolo.cpython-312.pyc
byte-compiling /home/harsh/ros2_project/install/ros2_project/lib/python3.12/site-packages/ros2_project/odometry_tf_broadcaster.py to odometry_tf_broadcaster.cpython-312.pyc
byte-compiling /home/harsh/ros2_project/install/ros2_project/lib/python3.12/site-packages/ros2_project/coordinates.py to coordinates.cpython-312.pyc
running install_data
creating /home/harsh/ros2_project/install/ros2_project/share/ament_index/resource_index/packages
copying resource/ros2_project -> /home/harsh/ros2_project/install/ros2_project/share/ament_index/resource_index/packages
copying resource/visualize.rviz -> /home/harsh/ros2_project/install/ros2_project/share/ament_index/resource_index/packages
copying package.xml -> /home/harsh/ros2_project/install/ros2_project/share/ros2_project
copying launch/drone.launch.py -> /home/harsh/ros2_project/install/ros2_project/share/ros2_project
copying launch/arena.launch.py -> /home/harsh/ros2_project/install/ros2_project/share/ros2_project
copying resource/visualize.rviz -> /home/harsh/ros2_project/install/ros2_project/share/ros2_project
running install_egg_info
Copying ../../../build/ros2_project/ros2_project.egg-info to /home/harsh/ros2_project/install/ros2_project/lib/python3.12/site-packages/ros2_project-0.0.0-py3.12.egg-info
running install_scripts
Installing camera_info_publisher script to /home/harsh/ros2_project/install/ros2_project/lib/ros2_project
Installing control script to /home/harsh/ros2_project/install/ros2_project/lib/ros2_project
Installing coordinates script to /home/harsh/ros2_project/install/ros2_project/lib/ros2_project
Installing image_saver script to /home/harsh/ros2_project/install/ros2_project/lib/ros2_project
Installing odometry_tf_broadcaster script to /home/harsh/ros2_project/install/ros2_project/lib/ros2_project
Installing offboard_control script to /home/harsh/ros2_project/install/ros2_project/lib/ros2_project
Installing processes script to /home/harsh/ros2_project/install/ros2_project/lib/ros2_project
Installing velocity_control script to /home/harsh/ros2_project/install/ros2_project/lib/ros2_project
Installing visualizer script to /home/harsh/ros2_project/install/ros2_project/lib/ros2_project
Installing yolo script to /home/harsh/ros2_project/install/ros2_project/lib/ros2_project
writing list of installed files to '/home/harsh/ros2_project/build/ros2_project/install.log'
