[0.093s] DEBUG:colcon:Command line arguments: ['/usr/bin/colcon', 'build']
[0.094s] DEBUG:colcon:Parsed command line arguments: Namespace(log_base=None, log_level=None, verb_name='build', build_base='build', install_base='install', merge_install=False, symlink_install=False, test_result_base=None, continue_on_error=False, executor='parallel', parallel_workers=22, event_handlers=None, ignore_user_meta=False, metas=['./colcon.meta'], base_paths=['.'], packages_ignore=None, packages_ignore_regex=None, paths=None, packages_up_to=None, packages_up_to_regex=None, packages_above=None, packages_above_and_dependencies=None, packages_above_depth=None, packages_select_by_dep=None, packages_skip_by_dep=None, packages_skip_up_to=None, packages_select_build_failed=False, packages_skip_build_finished=False, packages_select_test_failures=False, packages_skip_test_passed=False, packages_select=None, packages_skip=None, packages_select_regex=None, packages_skip_regex=None, packages_start=None, packages_end=None, allow_overriding=[], cmake_args=None, cmake_target=None, cmake_target_skip_unavailable=False, cmake_clean_cache=False, cmake_clean_first=False, cmake_force_configure=False, ament_cmake_args=None, catkin_cmake_args=None, catkin_skip_building_tests=False, mixin_files=None, mixin=None, verb_parser=<colcon_mixin.mixin.mixin_argument.MixinArgumentDecorator object at 0x74911b835220>, verb_extension=<colcon_core.verb.build.BuildVerb object at 0x74911b091370>, main=<bound method BuildVerb.main of <colcon_core.verb.build.BuildVerb object at 0x74911b091370>>, mixin_verb=('build',))
[0.126s] Level 1:colcon.colcon_core.package_discovery:discover_packages(colcon_meta) check parameters
[0.126s] Level 1:colcon.colcon_core.package_discovery:discover_packages(recursive) check parameters
[0.126s] Level 1:colcon.colcon_core.package_discovery:discover_packages(ignore) check parameters
[0.126s] Level 1:colcon.colcon_core.package_discovery:discover_packages(path) check parameters
[0.126s] Level 1:colcon.colcon_core.package_discovery:discover_packages(colcon_meta) discover
[0.126s] Level 1:colcon.colcon_core.package_discovery:discover_packages(recursive) discover
[0.126s] INFO:colcon.colcon_core.package_discovery:Crawling recursively for packages in '/home/harsh/ros2_project'
[0.126s] Level 1:colcon.colcon_core.package_identification:_identify(.) by extensions ['ignore', 'ignore_ament_install']
[0.126s] Level 1:colcon.colcon_core.package_identification:_identify(.) by extension 'ignore'
[0.126s] Level 1:colcon.colcon_core.package_identification:_identify(.) by extension 'ignore_ament_install'
[0.126s] Level 1:colcon.colcon_core.package_identification:_identify(.) by extensions ['colcon_pkg']
[0.126s] Level 1:colcon.colcon_core.package_identification:_identify(.) by extension 'colcon_pkg'
[0.126s] Level 1:colcon.colcon_core.package_identification:_identify(.) by extensions ['colcon_meta']
[0.126s] Level 1:colcon.colcon_core.package_identification:_identify(.) by extension 'colcon_meta'
[0.126s] Level 1:colcon.colcon_core.package_identification:_identify(.) by extensions ['ros']
[0.126s] Level 1:colcon.colcon_core.package_identification:_identify(.) by extension 'ros'
[0.144s] Level 1:colcon.colcon_core.package_identification:_identify(.) by extensions ['cmake', 'python']
[0.144s] Level 1:colcon.colcon_core.package_identification:_identify(.) by extension 'cmake'
[0.144s] Level 1:colcon.colcon_core.package_identification:_identify(.) by extension 'python'
[0.144s] Level 1:colcon.colcon_core.package_identification:_identify(.) by extensions ['python_setup_py']
[0.144s] Level 1:colcon.colcon_core.package_identification:_identify(.) by extension 'python_setup_py'
[0.144s] Level 1:colcon.colcon_core.package_identification:_identify(build) by extensions ['ignore', 'ignore_ament_install']
[0.144s] Level 1:colcon.colcon_core.package_identification:_identify(build) by extension 'ignore'
[0.144s] Level 1:colcon.colcon_core.package_identification:_identify(build) ignored
[0.144s] Level 1:colcon.colcon_core.package_identification:_identify(install) by extensions ['ignore', 'ignore_ament_install']
[0.144s] Level 1:colcon.colcon_core.package_identification:_identify(install) by extension 'ignore'
[0.144s] Level 1:colcon.colcon_core.package_identification:_identify(install) ignored
[0.144s] Level 1:colcon.colcon_core.package_identification:_identify(log) by extensions ['ignore', 'ignore_ament_install']
[0.144s] Level 1:colcon.colcon_core.package_identification:_identify(log) by extension 'ignore'
[0.144s] Level 1:colcon.colcon_core.package_identification:_identify(log) ignored
[0.144s] Level 1:colcon.colcon_core.package_identification:_identify(src) by extensions ['ignore', 'ignore_ament_install']
[0.144s] Level 1:colcon.colcon_core.package_identification:_identify(src) by extension 'ignore'
[0.144s] Level 1:colcon.colcon_core.package_identification:_identify(src) by extension 'ignore_ament_install'
[0.144s] Level 1:colcon.colcon_core.package_identification:_identify(src) by extensions ['colcon_pkg']
[0.144s] Level 1:colcon.colcon_core.package_identification:_identify(src) by extension 'colcon_pkg'
[0.144s] Level 1:colcon.colcon_core.package_identification:_identify(src) by extensions ['colcon_meta']
[0.144s] Level 1:colcon.colcon_core.package_identification:_identify(src) by extension 'colcon_meta'
[0.144s] Level 1:colcon.colcon_core.package_identification:_identify(src) by extensions ['ros']
[0.144s] Level 1:colcon.colcon_core.package_identification:_identify(src) by extension 'ros'
[0.144s] Level 1:colcon.colcon_core.package_identification:_identify(src) by extensions ['cmake', 'python']
[0.144s] Level 1:colcon.colcon_core.package_identification:_identify(src) by extension 'cmake'
[0.144s] Level 1:colcon.colcon_core.package_identification:_identify(src) by extension 'python'
[0.145s] Level 1:colcon.colcon_core.package_identification:_identify(src) by extensions ['python_setup_py']
[0.145s] Level 1:colcon.colcon_core.package_identification:_identify(src) by extension 'python_setup_py'
[0.145s] Level 1:colcon.colcon_core.package_identification:_identify(src/px4_msgs) by extensions ['ignore', 'ignore_ament_install']
[0.145s] Level 1:colcon.colcon_core.package_identification:_identify(src/px4_msgs) by extension 'ignore'
[0.145s] Level 1:colcon.colcon_core.package_identification:_identify(src/px4_msgs) by extension 'ignore_ament_install'
[0.145s] Level 1:colcon.colcon_core.package_identification:_identify(src/px4_msgs) by extensions ['colcon_pkg']
[0.145s] Level 1:colcon.colcon_core.package_identification:_identify(src/px4_msgs) by extension 'colcon_pkg'
[0.145s] Level 1:colcon.colcon_core.package_identification:_identify(src/px4_msgs) by extensions ['colcon_meta']
[0.145s] Level 1:colcon.colcon_core.package_identification:_identify(src/px4_msgs) by extension 'colcon_meta'
[0.145s] Level 1:colcon.colcon_core.package_identification:_identify(src/px4_msgs) by extensions ['ros']
[0.145s] Level 1:colcon.colcon_core.package_identification:_identify(src/px4_msgs) by extension 'ros'
[0.147s] DEBUG:colcon.colcon_core.package_identification:Package 'src/px4_msgs' with type 'ros.ament_cmake' and name 'px4_msgs'
[0.147s] Level 1:colcon.colcon_core.package_identification:_identify(src/ros2_project) by extensions ['ignore', 'ignore_ament_install']
[0.147s] Level 1:colcon.colcon_core.package_identification:_identify(src/ros2_project) by extension 'ignore'
[0.147s] Level 1:colcon.colcon_core.package_identification:_identify(src/ros2_project) by extension 'ignore_ament_install'
[0.147s] Level 1:colcon.colcon_core.package_identification:_identify(src/ros2_project) by extensions ['colcon_pkg']
[0.147s] Level 1:colcon.colcon_core.package_identification:_identify(src/ros2_project) by extension 'colcon_pkg'
[0.147s] Level 1:colcon.colcon_core.package_identification:_identify(src/ros2_project) by extensions ['colcon_meta']
[0.147s] Level 1:colcon.colcon_core.package_identification:_identify(src/ros2_project) by extension 'colcon_meta'
[0.147s] Level 1:colcon.colcon_core.package_identification:_identify(src/ros2_project) by extensions ['ros']
[0.147s] Level 1:colcon.colcon_core.package_identification:_identify(src/ros2_project) by extension 'ros'
[0.147s] Level 1:colcon.colcon_core.package_identification:_identify(src/ros2_project) by extensions ['cmake', 'python']
[0.147s] Level 1:colcon.colcon_core.package_identification:_identify(src/ros2_project) by extension 'cmake'
[0.147s] Level 1:colcon.colcon_core.package_identification:_identify(src/ros2_project) by extension 'python'
[0.147s] Level 1:colcon.colcon_core.package_identification:_identify(src/ros2_project) by extensions ['python_setup_py']
[0.147s] Level 1:colcon.colcon_core.package_identification:_identify(src/ros2_project) by extension 'python_setup_py'
[0.147s] Level 1:colcon.colcon_core.package_identification:_identify(src/ros2_project/ros2_project) by extensions ['ignore', 'ignore_ament_install']
[0.147s] Level 1:colcon.colcon_core.package_identification:_identify(src/ros2_project/ros2_project) by extension 'ignore'
[0.147s] Level 1:colcon.colcon_core.package_identification:_identify(src/ros2_project/ros2_project) by extension 'ignore_ament_install'
[0.147s] Level 1:colcon.colcon_core.package_identification:_identify(src/ros2_project/ros2_project) by extensions ['colcon_pkg']
[0.147s] Level 1:colcon.colcon_core.package_identification:_identify(src/ros2_project/ros2_project) by extension 'colcon_pkg'
[0.147s] Level 1:colcon.colcon_core.package_identification:_identify(src/ros2_project/ros2_project) by extensions ['colcon_meta']
[0.147s] Level 1:colcon.colcon_core.package_identification:_identify(src/ros2_project/ros2_project) by extension 'colcon_meta'
[0.147s] Level 1:colcon.colcon_core.package_identification:_identify(src/ros2_project/ros2_project) by extensions ['ros']
[0.147s] Level 1:colcon.colcon_core.package_identification:_identify(src/ros2_project/ros2_project) by extension 'ros'
[0.148s] DEBUG:colcon.colcon_core.package_identification:Package 'src/ros2_project/ros2_project' with type 'ros.ament_python' and name 'ros2_project'
[0.148s] Level 1:colcon.colcon_core.package_discovery:discover_packages(recursive) using defaults
[0.148s] Level 1:colcon.colcon_core.package_discovery:discover_packages(ignore) discover
[0.148s] Level 1:colcon.colcon_core.package_discovery:discover_packages(ignore) using defaults
[0.148s] Level 1:colcon.colcon_core.package_discovery:discover_packages(path) discover
[0.148s] Level 1:colcon.colcon_core.package_discovery:discover_packages(path) using defaults
[0.160s] Level 1:colcon.colcon_core.package_discovery:discover_packages(prefix_path) check parameters
[0.160s] Level 1:colcon.colcon_core.package_discovery:discover_packages(prefix_path) discover
[0.161s] WARNING:colcon.colcon_ros.prefix_path.ament:The path '/home/harsh/ros2_project/install/ros2_project' in the environment variable AMENT_PREFIX_PATH doesn't exist
[0.162s] DEBUG:colcon.colcon_installed_package_information.package_discovery:Found 1 installed packages in /home/harsh/ros2_project/install
[0.163s] DEBUG:colcon.colcon_installed_package_information.package_discovery:Found 407 installed packages in /opt/ros/jazzy
[0.164s] Level 1:colcon.colcon_core.package_discovery:discover_packages(prefix_path) using defaults
[0.193s] Level 5:colcon.colcon_core.verb:set package 'px4_msgs' build argument 'cmake_args' from command line to 'None'
[0.193s] Level 5:colcon.colcon_core.verb:set package 'px4_msgs' build argument 'cmake_target' from command line to 'None'
[0.193s] Level 5:colcon.colcon_core.verb:set package 'px4_msgs' build argument 'cmake_target_skip_unavailable' from command line to 'False'
[0.193s] Level 5:colcon.colcon_core.verb:set package 'px4_msgs' build argument 'cmake_clean_cache' from command line to 'False'
[0.193s] Level 5:colcon.colcon_core.verb:set package 'px4_msgs' build argument 'cmake_clean_first' from command line to 'False'
[0.193s] Level 5:colcon.colcon_core.verb:set package 'px4_msgs' build argument 'cmake_force_configure' from command line to 'False'
[0.193s] Level 5:colcon.colcon_core.verb:set package 'px4_msgs' build argument 'ament_cmake_args' from command line to 'None'
[0.193s] Level 5:colcon.colcon_core.verb:set package 'px4_msgs' build argument 'catkin_cmake_args' from command line to 'None'
[0.193s] Level 5:colcon.colcon_core.verb:set package 'px4_msgs' build argument 'catkin_skip_building_tests' from command line to 'False'
[0.193s] DEBUG:colcon.colcon_core.verb:Building package 'px4_msgs' with the following arguments: {'ament_cmake_args': None, 'build_base': '/home/harsh/ros2_project/build/px4_msgs', 'catkin_cmake_args': None, 'catkin_skip_building_tests': False, 'cmake_args': None, 'cmake_clean_cache': False, 'cmake_clean_first': False, 'cmake_force_configure': False, 'cmake_target': None, 'cmake_target_skip_unavailable': False, 'install_base': '/home/harsh/ros2_project/install/px4_msgs', 'merge_install': False, 'path': '/home/harsh/ros2_project/src/px4_msgs', 'symlink_install': False, 'test_result_base': None}
[0.193s] Level 5:colcon.colcon_core.verb:set package 'ros2_project' build argument 'cmake_args' from command line to 'None'
[0.193s] Level 5:colcon.colcon_core.verb:set package 'ros2_project' build argument 'cmake_target' from command line to 'None'
[0.193s] Level 5:colcon.colcon_core.verb:set package 'ros2_project' build argument 'cmake_target_skip_unavailable' from command line to 'False'
[0.193s] Level 5:colcon.colcon_core.verb:set package 'ros2_project' build argument 'cmake_clean_cache' from command line to 'False'
[0.193s] Level 5:colcon.colcon_core.verb:set package 'ros2_project' build argument 'cmake_clean_first' from command line to 'False'
[0.193s] Level 5:colcon.colcon_core.verb:set package 'ros2_project' build argument 'cmake_force_configure' from command line to 'False'
[0.193s] Level 5:colcon.colcon_core.verb:set package 'ros2_project' build argument 'ament_cmake_args' from command line to 'None'
[0.193s] Level 5:colcon.colcon_core.verb:set package 'ros2_project' build argument 'catkin_cmake_args' from command line to 'None'
[0.193s] Level 5:colcon.colcon_core.verb:set package 'ros2_project' build argument 'catkin_skip_building_tests' from command line to 'False'
[0.193s] DEBUG:colcon.colcon_core.verb:Building package 'ros2_project' with the following arguments: {'ament_cmake_args': None, 'build_base': '/home/harsh/ros2_project/build/ros2_project', 'catkin_cmake_args': None, 'catkin_skip_building_tests': False, 'cmake_args': None, 'cmake_clean_cache': False, 'cmake_clean_first': False, 'cmake_force_configure': False, 'cmake_target': None, 'cmake_target_skip_unavailable': False, 'install_base': '/home/harsh/ros2_project/install/ros2_project', 'merge_install': False, 'path': '/home/harsh/ros2_project/src/ros2_project/ros2_project', 'symlink_install': False, 'test_result_base': None}
[0.193s] INFO:colcon.colcon_core.executor:Executing jobs using 'parallel' executor
[0.194s] DEBUG:colcon.colcon_parallel_executor.executor.parallel:run_until_complete
[0.195s] INFO:colcon.colcon_ros.task.ament_cmake.build:Building ROS package in '/home/harsh/ros2_project/src/px4_msgs' with build type 'ament_cmake'
[0.195s] INFO:colcon.colcon_cmake.task.cmake.build:Building CMake package in '/home/harsh/ros2_project/src/px4_msgs'
[0.200s] INFO:colcon.colcon_core.plugin_system:Skipping extension 'colcon_core.shell.bat': Not used on non-Windows systems
[0.201s] INFO:colcon.colcon_core.shell:Skip shell extension 'powershell' for command environment: Not usable outside of PowerShell
[0.201s] DEBUG:colcon.colcon_core.shell:Skip shell extension 'dsv' for command environment
[0.211s] DEBUG:colcon.colcon_core.event_handler.log_command:Invoking command in '/home/harsh/ros2_project/build/px4_msgs': CMAKE_PREFIX_PATH=${CMAKE_PREFIX_PATH}:/home/harsh/ros2_project/install/ros2_project:/opt/ros/jazzy DEBUGINFOD_URLS=https://debuginfod.ubuntu.com PS1=(yolo) \[\e]0;\u@\h: \w\a\]${debian_chroot:+($debian_chroot)}\[\033[01;32m\]\u@\h\[\033[00m\]:\[\033[01;34m\]\w\[\033[00m\]\$ VIRTUAL_ENV_PROMPT=(yolo) /usr/bin/cmake /home/harsh/ros2_project/src/px4_msgs -DCMAKE_INSTALL_PREFIX=/home/harsh/ros2_project/install/px4_msgs
[3.219s] DEBUG:colcon.colcon_core.event_handler.log_command:Invoked command in '/home/harsh/ros2_project/build/px4_msgs' returned '0': CMAKE_PREFIX_PATH=${CMAKE_PREFIX_PATH}:/home/harsh/ros2_project/install/ros2_project:/opt/ros/jazzy DEBUGINFOD_URLS=https://debuginfod.ubuntu.com PS1=(yolo) \[\e]0;\u@\h: \w\a\]${debian_chroot:+($debian_chroot)}\[\033[01;32m\]\u@\h\[\033[00m\]:\[\033[01;34m\]\w\[\033[00m\]\$ VIRTUAL_ENV_PROMPT=(yolo) /usr/bin/cmake /home/harsh/ros2_project/src/px4_msgs -DCMAKE_INSTALL_PREFIX=/home/harsh/ros2_project/install/px4_msgs
[3.221s] DEBUG:colcon.colcon_core.event_handler.log_command:Invoking command in '/home/harsh/ros2_project/build/px4_msgs': CMAKE_PREFIX_PATH=${CMAKE_PREFIX_PATH}:/home/harsh/ros2_project/install/ros2_project:/opt/ros/jazzy DEBUGINFOD_URLS=https://debuginfod.ubuntu.com PS1=(yolo) \[\e]0;\u@\h: \w\a\]${debian_chroot:+($debian_chroot)}\[\033[01;32m\]\u@\h\[\033[00m\]:\[\033[01;34m\]\w\[\033[00m\]\$ VIRTUAL_ENV_PROMPT=(yolo) /usr/bin/cmake --build /home/harsh/ros2_project/build/px4_msgs -- -j22 -l22
[121.335s] DEBUG:colcon.colcon_core.event_handler.log_command:Invoked command in '/home/harsh/ros2_project/build/px4_msgs' returned '0': CMAKE_PREFIX_PATH=${CMAKE_PREFIX_PATH}:/home/harsh/ros2_project/install/ros2_project:/opt/ros/jazzy DEBUGINFOD_URLS=https://debuginfod.ubuntu.com PS1=(yolo) \[\e]0;\u@\h: \w\a\]${debian_chroot:+($debian_chroot)}\[\033[01;32m\]\u@\h\[\033[00m\]:\[\033[01;34m\]\w\[\033[00m\]\$ VIRTUAL_ENV_PROMPT=(yolo) /usr/bin/cmake --build /home/harsh/ros2_project/build/px4_msgs -- -j22 -l22
[121.344s] DEBUG:colcon.colcon_core.event_handler.log_command:Invoking command in '/home/harsh/ros2_project/build/px4_msgs': CMAKE_PREFIX_PATH=${CMAKE_PREFIX_PATH}:/home/harsh/ros2_project/install/ros2_project:/opt/ros/jazzy DEBUGINFOD_URLS=https://debuginfod.ubuntu.com PS1=(yolo) \[\e]0;\u@\h: \w\a\]${debian_chroot:+($debian_chroot)}\[\033[01;32m\]\u@\h\[\033[00m\]:\[\033[01;34m\]\w\[\033[00m\]\$ VIRTUAL_ENV_PROMPT=(yolo) /usr/bin/cmake --install /home/harsh/ros2_project/build/px4_msgs
[122.016s] Level 1:colcon.colcon_core.environment:create_environment_scripts_only(px4_msgs)
[122.017s] DEBUG:colcon.colcon_core.event_handler.log_command:Invoked command in '/home/harsh/ros2_project/build/px4_msgs' returned '0': CMAKE_PREFIX_PATH=${CMAKE_PREFIX_PATH}:/home/harsh/ros2_project/install/ros2_project:/opt/ros/jazzy DEBUGINFOD_URLS=https://debuginfod.ubuntu.com PS1=(yolo) \[\e]0;\u@\h: \w\a\]${debian_chroot:+($debian_chroot)}\[\033[01;32m\]\u@\h\[\033[00m\]:\[\033[01;34m\]\w\[\033[00m\]\$ VIRTUAL_ENV_PROMPT=(yolo) /usr/bin/cmake --install /home/harsh/ros2_project/build/px4_msgs
[122.031s] Level 1:colcon.colcon_core.environment:checking '/home/harsh/ros2_project/install/px4_msgs' for CMake module files
[122.031s] Level 1:colcon.colcon_core.environment:checking '/home/harsh/ros2_project/install/px4_msgs' for CMake config files
[122.034s] Level 1:colcon.colcon_core.shell:create_environment_hook('px4_msgs', 'cmake_prefix_path')
[122.034s] INFO:colcon.colcon_core.shell:Creating environment hook '/home/harsh/ros2_project/install/px4_msgs/share/px4_msgs/hook/cmake_prefix_path.ps1'
[122.035s] INFO:colcon.colcon_core.shell:Creating environment descriptor '/home/harsh/ros2_project/install/px4_msgs/share/px4_msgs/hook/cmake_prefix_path.dsv'
[122.035s] INFO:colcon.colcon_core.shell:Creating environment hook '/home/harsh/ros2_project/install/px4_msgs/share/px4_msgs/hook/cmake_prefix_path.sh'
[122.035s] Level 1:colcon.colcon_core.environment:checking '/home/harsh/ros2_project/install/px4_msgs/lib'
[122.035s] Level 1:colcon.colcon_core.shell:create_environment_hook('px4_msgs', 'ld_library_path_lib')
[122.036s] INFO:colcon.colcon_core.shell:Creating environment hook '/home/harsh/ros2_project/install/px4_msgs/share/px4_msgs/hook/ld_library_path_lib.ps1'
[122.036s] INFO:colcon.colcon_core.shell:Creating environment descriptor '/home/harsh/ros2_project/install/px4_msgs/share/px4_msgs/hook/ld_library_path_lib.dsv'
[122.036s] INFO:colcon.colcon_core.shell:Creating environment hook '/home/harsh/ros2_project/install/px4_msgs/share/px4_msgs/hook/ld_library_path_lib.sh'
[122.036s] Level 1:colcon.colcon_core.environment:checking '/home/harsh/ros2_project/install/px4_msgs/bin'
[122.036s] Level 1:colcon.colcon_core.environment:checking '/home/harsh/ros2_project/install/px4_msgs/lib/pkgconfig/px4_msgs.pc'
[122.036s] Level 1:colcon.colcon_core.environment:checking '/home/harsh/ros2_project/install/px4_msgs/lib/python3.12/site-packages'
[122.036s] Level 1:colcon.colcon_core.shell:create_environment_hook('px4_msgs', 'pythonpath')
[122.036s] INFO:colcon.colcon_core.shell:Creating environment hook '/home/harsh/ros2_project/install/px4_msgs/share/px4_msgs/hook/pythonpath.ps1'
[122.037s] INFO:colcon.colcon_core.shell:Creating environment descriptor '/home/harsh/ros2_project/install/px4_msgs/share/px4_msgs/hook/pythonpath.dsv'
[122.037s] INFO:colcon.colcon_core.shell:Creating environment hook '/home/harsh/ros2_project/install/px4_msgs/share/px4_msgs/hook/pythonpath.sh'
[122.037s] Level 1:colcon.colcon_core.environment:checking '/home/harsh/ros2_project/install/px4_msgs/bin'
[122.037s] INFO:colcon.colcon_core.shell:Creating package script '/home/harsh/ros2_project/install/px4_msgs/share/px4_msgs/package.ps1'
[122.038s] INFO:colcon.colcon_core.shell:Creating package descriptor '/home/harsh/ros2_project/install/px4_msgs/share/px4_msgs/package.dsv'
[122.038s] INFO:colcon.colcon_core.shell:Creating package script '/home/harsh/ros2_project/install/px4_msgs/share/px4_msgs/package.sh'
[122.039s] INFO:colcon.colcon_core.shell:Creating package script '/home/harsh/ros2_project/install/px4_msgs/share/px4_msgs/package.bash'
[122.039s] INFO:colcon.colcon_core.shell:Creating package script '/home/harsh/ros2_project/install/px4_msgs/share/px4_msgs/package.zsh'
[122.040s] Level 1:colcon.colcon_core.environment:create_file_with_runtime_dependencies(/home/harsh/ros2_project/install/px4_msgs/share/colcon-core/packages/px4_msgs)
[122.040s] Level 1:colcon.colcon_core.environment:create_environment_scripts_only(px4_msgs)
[122.040s] Level 1:colcon.colcon_core.environment:checking '/home/harsh/ros2_project/install/px4_msgs' for CMake module files
[122.040s] Level 1:colcon.colcon_core.environment:checking '/home/harsh/ros2_project/install/px4_msgs' for CMake config files
[122.042s] Level 1:colcon.colcon_core.shell:create_environment_hook('px4_msgs', 'cmake_prefix_path')
[122.042s] INFO:colcon.colcon_core.shell:Creating environment hook '/home/harsh/ros2_project/install/px4_msgs/share/px4_msgs/hook/cmake_prefix_path.ps1'
[122.043s] INFO:colcon.colcon_core.shell:Creating environment descriptor '/home/harsh/ros2_project/install/px4_msgs/share/px4_msgs/hook/cmake_prefix_path.dsv'
[122.043s] INFO:colcon.colcon_core.shell:Creating environment hook '/home/harsh/ros2_project/install/px4_msgs/share/px4_msgs/hook/cmake_prefix_path.sh'
[122.043s] Level 1:colcon.colcon_core.environment:checking '/home/harsh/ros2_project/install/px4_msgs/lib'
[122.043s] Level 1:colcon.colcon_core.shell:create_environment_hook('px4_msgs', 'ld_library_path_lib')
[122.043s] INFO:colcon.colcon_core.shell:Creating environment hook '/home/harsh/ros2_project/install/px4_msgs/share/px4_msgs/hook/ld_library_path_lib.ps1'
[122.044s] INFO:colcon.colcon_core.shell:Creating environment descriptor '/home/harsh/ros2_project/install/px4_msgs/share/px4_msgs/hook/ld_library_path_lib.dsv'
[122.044s] INFO:colcon.colcon_core.shell:Creating environment hook '/home/harsh/ros2_project/install/px4_msgs/share/px4_msgs/hook/ld_library_path_lib.sh'
[122.045s] Level 1:colcon.colcon_core.environment:checking '/home/harsh/ros2_project/install/px4_msgs/bin'
[122.045s] Level 1:colcon.colcon_core.environment:checking '/home/harsh/ros2_project/install/px4_msgs/lib/pkgconfig/px4_msgs.pc'
[122.045s] Level 1:colcon.colcon_core.environment:checking '/home/harsh/ros2_project/install/px4_msgs/lib/python3.12/site-packages'
[122.045s] Level 1:colcon.colcon_core.shell:create_environment_hook('px4_msgs', 'pythonpath')
[122.046s] INFO:colcon.colcon_core.shell:Creating environment hook '/home/harsh/ros2_project/install/px4_msgs/share/px4_msgs/hook/pythonpath.ps1'
[122.046s] INFO:colcon.colcon_core.shell:Creating environment descriptor '/home/harsh/ros2_project/install/px4_msgs/share/px4_msgs/hook/pythonpath.dsv'
[122.046s] INFO:colcon.colcon_core.shell:Creating environment hook '/home/harsh/ros2_project/install/px4_msgs/share/px4_msgs/hook/pythonpath.sh'
[122.047s] Level 1:colcon.colcon_core.environment:checking '/home/harsh/ros2_project/install/px4_msgs/bin'
[122.047s] INFO:colcon.colcon_core.shell:Creating package script '/home/harsh/ros2_project/install/px4_msgs/share/px4_msgs/package.ps1'
[122.047s] INFO:colcon.colcon_core.shell:Creating package descriptor '/home/harsh/ros2_project/install/px4_msgs/share/px4_msgs/package.dsv'
[122.048s] INFO:colcon.colcon_core.shell:Creating package script '/home/harsh/ros2_project/install/px4_msgs/share/px4_msgs/package.sh'
[122.048s] INFO:colcon.colcon_core.shell:Creating package script '/home/harsh/ros2_project/install/px4_msgs/share/px4_msgs/package.bash'
[122.048s] INFO:colcon.colcon_core.shell:Creating package script '/home/harsh/ros2_project/install/px4_msgs/share/px4_msgs/package.zsh'
[122.048s] Level 1:colcon.colcon_core.environment:create_file_with_runtime_dependencies(/home/harsh/ros2_project/install/px4_msgs/share/colcon-core/packages/px4_msgs)
[122.048s] INFO:colcon.colcon_ros.task.ament_python.build:Building ROS package in '/home/harsh/ros2_project/src/ros2_project/ros2_project' with build type 'ament_python'
[122.049s] Level 1:colcon.colcon_core.shell:create_environment_hook('ros2_project', 'ament_prefix_path')
[122.049s] INFO:colcon.colcon_core.shell:Creating environment hook '/home/harsh/ros2_project/install/ros2_project/share/ros2_project/hook/ament_prefix_path.ps1'
[122.049s] INFO:colcon.colcon_core.shell:Creating environment descriptor '/home/harsh/ros2_project/install/ros2_project/share/ros2_project/hook/ament_prefix_path.dsv'
[122.049s] INFO:colcon.colcon_core.shell:Creating environment hook '/home/harsh/ros2_project/install/ros2_project/share/ros2_project/hook/ament_prefix_path.sh'
[122.049s] INFO:colcon.colcon_core.shell:Skip shell extension 'powershell' for command environment: Not usable outside of PowerShell
[122.050s] DEBUG:colcon.colcon_core.shell:Skip shell extension 'dsv' for command environment
[122.196s] INFO:colcon.colcon_core.task.python.build:Building Python package in '/home/harsh/ros2_project/src/ros2_project/ros2_project'
[122.196s] INFO:colcon.colcon_core.shell:Skip shell extension 'powershell' for command environment: Not usable outside of PowerShell
[122.196s] DEBUG:colcon.colcon_core.shell:Skip shell extension 'dsv' for command environment
[122.555s] DEBUG:colcon.colcon_core.event_handler.log_command:Invoking command in '/home/harsh/ros2_project/src/ros2_project/ros2_project': DEBUGINFOD_URLS=https://debuginfod.ubuntu.com PS1=(yolo) \[\e]0;\u@\h: \w\a\]${debian_chroot:+($debian_chroot)}\[\033[01;32m\]\u@\h\[\033[00m\]:\[\033[01;34m\]\w\[\033[00m\]\$ PYTHONPATH=/home/harsh/ros2_project/build/ros2_project/prefix_override:/usr/lib/python3/dist-packages/colcon_core/task/python/colcon_distutils_commands:/home/harsh/ros2_project/install/ros2_project/lib/python3.12/site-packages:/home/harsh/ros2_project/install/px4_msgs/lib/python3.12/site-packages:/home/harsh/ros2_project/install/ros2_project/lib/python3.12/site-packages:/opt/ros/jazzy/lib/python3.12/site-packages:/home/harsh/ros2_project/install/ros2_project/lib/python3.12/site-packages:/home/harsh/ros2_project/install/px4_msgs/lib/python3.12/site-packages:/opt/ros/jazzy/lib/python3.12/site-packages:$PYTHONPATH:/home/harsh/yolo/lib/python3.12/site-packages:/home/harsh/yolo/lib/python3.12/site-packages VIRTUAL_ENV_PROMPT=(yolo) /usr/bin/python3 -W ignore:setup.py install is deprecated -W ignore:easy_install command is deprecated setup.py egg_info --egg-base ../../../build/ros2_project build --build-base /home/harsh/ros2_project/build/ros2_project/build install --record /home/harsh/ros2_project/build/ros2_project/install.log --single-version-externally-managed install_data
[122.899s] Level 1:colcon.colcon_core.environment:checking '/home/harsh/ros2_project/install/ros2_project' for CMake module files
[122.900s] DEBUG:colcon.colcon_core.event_handler.log_command:Invoked command in '/home/harsh/ros2_project/src/ros2_project/ros2_project' returned '0': DEBUGINFOD_URLS=https://debuginfod.ubuntu.com PS1=(yolo) \[\e]0;\u@\h: \w\a\]${debian_chroot:+($debian_chroot)}\[\033[01;32m\]\u@\h\[\033[00m\]:\[\033[01;34m\]\w\[\033[00m\]\$ PYTHONPATH=/home/harsh/ros2_project/build/ros2_project/prefix_override:/usr/lib/python3/dist-packages/colcon_core/task/python/colcon_distutils_commands:/home/harsh/ros2_project/install/ros2_project/lib/python3.12/site-packages:/home/harsh/ros2_project/install/px4_msgs/lib/python3.12/site-packages:/home/harsh/ros2_project/install/ros2_project/lib/python3.12/site-packages:/opt/ros/jazzy/lib/python3.12/site-packages:/home/harsh/ros2_project/install/ros2_project/lib/python3.12/site-packages:/home/harsh/ros2_project/install/px4_msgs/lib/python3.12/site-packages:/opt/ros/jazzy/lib/python3.12/site-packages:$PYTHONPATH:/home/harsh/yolo/lib/python3.12/site-packages:/home/harsh/yolo/lib/python3.12/site-packages VIRTUAL_ENV_PROMPT=(yolo) /usr/bin/python3 -W ignore:setup.py install is deprecated -W ignore:easy_install command is deprecated setup.py egg_info --egg-base ../../../build/ros2_project build --build-base /home/harsh/ros2_project/build/ros2_project/build install --record /home/harsh/ros2_project/build/ros2_project/install.log --single-version-externally-managed install_data
[122.901s] Level 1:colcon.colcon_core.environment:checking '/home/harsh/ros2_project/install/ros2_project' for CMake config files
[122.901s] Level 1:colcon.colcon_core.environment:checking '/home/harsh/ros2_project/install/ros2_project/lib'
[122.901s] Level 1:colcon.colcon_core.environment:checking '/home/harsh/ros2_project/install/ros2_project/bin'
[122.901s] Level 1:colcon.colcon_core.environment:checking '/home/harsh/ros2_project/install/ros2_project/lib/pkgconfig/ros2_project.pc'
[122.901s] Level 1:colcon.colcon_core.environment:checking '/home/harsh/ros2_project/install/ros2_project/lib/python3.12/site-packages'
[122.901s] Level 1:colcon.colcon_core.shell:create_environment_hook('ros2_project', 'pythonpath')
[122.901s] INFO:colcon.colcon_core.shell:Creating environment hook '/home/harsh/ros2_project/install/ros2_project/share/ros2_project/hook/pythonpath.ps1'
[122.902s] INFO:colcon.colcon_core.shell:Creating environment descriptor '/home/harsh/ros2_project/install/ros2_project/share/ros2_project/hook/pythonpath.dsv'
[122.902s] INFO:colcon.colcon_core.shell:Creating environment hook '/home/harsh/ros2_project/install/ros2_project/share/ros2_project/hook/pythonpath.sh'
[122.902s] Level 1:colcon.colcon_core.environment:checking '/home/harsh/ros2_project/install/ros2_project/bin'
[122.902s] Level 1:colcon.colcon_core.environment:create_environment_scripts_only(ros2_project)
[122.902s] INFO:colcon.colcon_core.shell:Creating package script '/home/harsh/ros2_project/install/ros2_project/share/ros2_project/package.ps1'
[122.902s] INFO:colcon.colcon_core.shell:Creating package descriptor '/home/harsh/ros2_project/install/ros2_project/share/ros2_project/package.dsv'
[122.903s] INFO:colcon.colcon_core.shell:Creating package script '/home/harsh/ros2_project/install/ros2_project/share/ros2_project/package.sh'
[122.903s] INFO:colcon.colcon_core.shell:Creating package script '/home/harsh/ros2_project/install/ros2_project/share/ros2_project/package.bash'
[122.903s] INFO:colcon.colcon_core.shell:Creating package script '/home/harsh/ros2_project/install/ros2_project/share/ros2_project/package.zsh'
[122.903s] Level 1:colcon.colcon_core.environment:create_file_with_runtime_dependencies(/home/harsh/ros2_project/install/ros2_project/share/colcon-core/packages/ros2_project)
[122.903s] DEBUG:colcon.colcon_parallel_executor.executor.parallel:closing loop
[122.903s] DEBUG:colcon.colcon_parallel_executor.executor.parallel:loop closed
[122.903s] DEBUG:colcon.colcon_parallel_executor.executor.parallel:run_until_complete finished with '0'
[122.904s] DEBUG:colcon.colcon_core.event_reactor:joining thread
[122.910s] INFO:colcon.colcon_core.plugin_system:Skipping extension 'colcon_notification.desktop_notification.terminal_notifier': Not used on non-Darwin systems
[122.910s] INFO:colcon.colcon_core.plugin_system:Skipping extension 'colcon_notification.desktop_notification.win32': Not used on non-Windows systems
[122.910s] INFO:colcon.colcon_notification.desktop_notification:Sending desktop notification using 'notify2'
[122.926s] DEBUG:colcon.colcon_core.event_reactor:joined thread
[122.927s] INFO:colcon.colcon_core.shell:Creating prefix script '/home/harsh/ros2_project/install/local_setup.ps1'
[122.927s] INFO:colcon.colcon_core.shell:Creating prefix util module '/home/harsh/ros2_project/install/_local_setup_util_ps1.py'
[122.928s] INFO:colcon.colcon_core.shell:Creating prefix chain script '/home/harsh/ros2_project/install/setup.ps1'
[122.929s] INFO:colcon.colcon_core.shell:Creating prefix script '/home/harsh/ros2_project/install/local_setup.sh'
[122.929s] INFO:colcon.colcon_core.shell:Creating prefix util module '/home/harsh/ros2_project/install/_local_setup_util_sh.py'
[122.929s] INFO:colcon.colcon_core.shell:Creating prefix chain script '/home/harsh/ros2_project/install/setup.sh'
[122.930s] INFO:colcon.colcon_core.shell:Creating prefix script '/home/harsh/ros2_project/install/local_setup.bash'
[122.931s] INFO:colcon.colcon_core.shell:Creating prefix chain script '/home/harsh/ros2_project/install/setup.bash'
[122.932s] INFO:colcon.colcon_core.shell:Creating prefix script '/home/harsh/ros2_project/install/local_setup.zsh'
[122.933s] INFO:colcon.colcon_core.shell:Creating prefix chain script '/home/harsh/ros2_project/install/setup.zsh'
