/home/harsh/ros2_project/install/ros2_project/lib/python3.12/site-packages/ros2_project/image_saver.py
/home/harsh/ros2_project/install/ros2_project/lib/python3.12/site-packages/ros2_project/camera_info_publisher.py
/home/harsh/ros2_project/install/ros2_project/lib/python3.12/site-packages/ros2_project/__init__.py
/home/harsh/ros2_project/install/ros2_project/lib/python3.12/site-packages/ros2_project/coordinates (Copy).py
/home/harsh/ros2_project/install/ros2_project/lib/python3.12/site-packages/ros2_project/processes.py
/home/harsh/ros2_project/install/ros2_project/lib/python3.12/site-packages/ros2_project/velocity_control.py
/home/harsh/ros2_project/install/ros2_project/lib/python3.12/site-packages/ros2_project/control.py
/home/harsh/ros2_project/install/ros2_project/lib/python3.12/site-packages/ros2_project/image_viewer.py
/home/harsh/ros2_project/install/ros2_project/lib/python3.12/site-packages/ros2_project/visualizer.py
/home/harsh/ros2_project/install/ros2_project/lib/python3.12/site-packages/ros2_project/yolo.py
/home/harsh/ros2_project/install/ros2_project/lib/python3.12/site-packages/ros2_project/odometry_tf_broadcaster.py
/home/harsh/ros2_project/install/ros2_project/lib/python3.12/site-packages/ros2_project/coordinates.py
/home/harsh/ros2_project/install/ros2_project/lib/python3.12/site-packages/ros2_project/__pycache__/image_saver.cpython-312.pyc
/home/harsh/ros2_project/install/ros2_project/lib/python3.12/site-packages/ros2_project/__pycache__/camera_info_publisher.cpython-312.pyc
/home/harsh/ros2_project/install/ros2_project/lib/python3.12/site-packages/ros2_project/__pycache__/__init__.cpython-312.pyc
/home/harsh/ros2_project/install/ros2_project/lib/python3.12/site-packages/ros2_project/__pycache__/coordinates (Copy).cpython-312.pyc
/home/harsh/ros2_project/install/ros2_project/lib/python3.12/site-packages/ros2_project/__pycache__/processes.cpython-312.pyc
/home/harsh/ros2_project/install/ros2_project/lib/python3.12/site-packages/ros2_project/__pycache__/velocity_control.cpython-312.pyc
/home/harsh/ros2_project/install/ros2_project/lib/python3.12/site-packages/ros2_project/__pycache__/control.cpython-312.pyc
/home/harsh/ros2_project/install/ros2_project/lib/python3.12/site-packages/ros2_project/__pycache__/image_viewer.cpython-312.pyc
/home/harsh/ros2_project/install/ros2_project/lib/python3.12/site-packages/ros2_project/__pycache__/visualizer.cpython-312.pyc
/home/harsh/ros2_project/install/ros2_project/lib/python3.12/site-packages/ros2_project/__pycache__/yolo.cpython-312.pyc
/home/harsh/ros2_project/install/ros2_project/lib/python3.12/site-packages/ros2_project/__pycache__/odometry_tf_broadcaster.cpython-312.pyc
/home/harsh/ros2_project/install/ros2_project/lib/python3.12/site-packages/ros2_project/__pycache__/coordinates.cpython-312.pyc
/home/harsh/ros2_project/install/ros2_project/share/ament_index/resource_index/packages/ros2_project
/home/harsh/ros2_project/install/ros2_project/share/ament_index/resource_index/packages/visualize.rviz
/home/harsh/ros2_project/install/ros2_project/share/ros2_project/package.xml
/home/harsh/ros2_project/install/ros2_project/share/ros2_project/drone.launch.py
/home/harsh/ros2_project/install/ros2_project/share/ros2_project/arena.launch.py
/home/harsh/ros2_project/install/ros2_project/share/ros2_project/visualize.rviz
/home/harsh/ros2_project/install/ros2_project/lib/python3.12/site-packages/ros2_project-0.0.0-py3.12.egg-info/PKG-INFO
/home/harsh/ros2_project/install/ros2_project/lib/python3.12/site-packages/ros2_project-0.0.0-py3.12.egg-info/entry_points.txt
/home/harsh/ros2_project/install/ros2_project/lib/python3.12/site-packages/ros2_project-0.0.0-py3.12.egg-info/SOURCES.txt
/home/harsh/ros2_project/install/ros2_project/lib/python3.12/site-packages/ros2_project-0.0.0-py3.12.egg-info/top_level.txt
/home/harsh/ros2_project/install/ros2_project/lib/python3.12/site-packages/ros2_project-0.0.0-py3.12.egg-info/zip-safe
/home/harsh/ros2_project/install/ros2_project/lib/python3.12/site-packages/ros2_project-0.0.0-py3.12.egg-info/dependency_links.txt
/home/harsh/ros2_project/install/ros2_project/lib/python3.12/site-packages/ros2_project-0.0.0-py3.12.egg-info/requires.txt
/home/harsh/ros2_project/install/ros2_project/lib/ros2_project/camera_info_publisher
/home/harsh/ros2_project/install/ros2_project/lib/ros2_project/control
/home/harsh/ros2_project/install/ros2_project/lib/ros2_project/coordinates
/home/harsh/ros2_project/install/ros2_project/lib/ros2_project/image_saver
/home/harsh/ros2_project/install/ros2_project/lib/ros2_project/odometry_tf_broadcaster
/home/harsh/ros2_project/install/ros2_project/lib/ros2_project/offboard_control
/home/harsh/ros2_project/install/ros2_project/lib/ros2_project/processes
/home/harsh/ros2_project/install/ros2_project/lib/ros2_project/velocity_control
/home/harsh/ros2_project/install/ros2_project/lib/ros2_project/visualizer
/home/harsh/ros2_project/install/ros2_project/lib/ros2_project/yolo
