[0.125s] DEBUG:colcon:Command line arguments: ['/usr/bin/colcon', 'build']
[0.125s] DEBUG:colcon:Parsed command line arguments: Namespace(log_base=None, log_level=None, verb_name='build', build_base='build', install_base='install', merge_install=False, symlink_install=False, test_result_base=None, continue_on_error=False, executor='parallel', parallel_workers=22, event_handlers=None, ignore_user_meta=False, metas=['./colcon.meta'], base_paths=['.'], packages_ignore=None, packages_ignore_regex=None, paths=None, packages_up_to=None, packages_up_to_regex=None, packages_above=None, packages_above_and_dependencies=None, packages_above_depth=None, packages_select_by_dep=None, packages_skip_by_dep=None, packages_skip_up_to=None, packages_select_build_failed=False, packages_skip_build_finished=False, packages_select_test_failures=False, packages_skip_test_passed=False, packages_select=None, packages_skip=None, packages_select_regex=None, packages_skip_regex=None, packages_start=None, packages_end=None, allow_overriding=[], cmake_args=None, cmake_target=None, cmake_target_skip_unavailable=False, cmake_clean_cache=False, cmake_clean_first=False, cmake_force_configure=False, ament_cmake_args=None, catkin_cmake_args=None, catkin_skip_building_tests=False, mixin_files=None, mixin=None, verb_parser=<colcon_mixin.mixin.mixin_argument.MixinArgumentDecorator object at 0x79f8f174f050>, verb_extension=<colcon_core.verb.build.BuildVerb object at 0x79f8f174e960>, main=<bound method BuildVerb.main of <colcon_core.verb.build.BuildVerb object at 0x79f8f174e960>>, mixin_verb=('build',))
[0.165s] Level 1:colcon.colcon_core.package_discovery:discover_packages(colcon_meta) check parameters
[0.165s] Level 1:colcon.colcon_core.package_discovery:discover_packages(recursive) check parameters
[0.165s] Level 1:colcon.colcon_core.package_discovery:discover_packages(ignore) check parameters
[0.165s] Level 1:colcon.colcon_core.package_discovery:discover_packages(path) check parameters
[0.165s] Level 1:colcon.colcon_core.package_discovery:discover_packages(colcon_meta) discover
[0.165s] Level 1:colcon.colcon_core.package_discovery:discover_packages(recursive) discover
[0.165s] INFO:colcon.colcon_core.package_discovery:Crawling recursively for packages in '/home/harsh/ros2_project'
[0.165s] Level 1:colcon.colcon_core.package_identification:_identify(.) by extensions ['ignore', 'ignore_ament_install']
[0.165s] Level 1:colcon.colcon_core.package_identification:_identify(.) by extension 'ignore'
[0.165s] Level 1:colcon.colcon_core.package_identification:_identify(.) by extension 'ignore_ament_install'
[0.165s] Level 1:colcon.colcon_core.package_identification:_identify(.) by extensions ['colcon_pkg']
[0.165s] Level 1:colcon.colcon_core.package_identification:_identify(.) by extension 'colcon_pkg'
[0.165s] Level 1:colcon.colcon_core.package_identification:_identify(.) by extensions ['colcon_meta']
[0.165s] Level 1:colcon.colcon_core.package_identification:_identify(.) by extension 'colcon_meta'
[0.165s] Level 1:colcon.colcon_core.package_identification:_identify(.) by extensions ['ros']
[0.165s] Level 1:colcon.colcon_core.package_identification:_identify(.) by extension 'ros'
[0.193s] Level 1:colcon.colcon_core.package_identification:_identify(.) by extensions ['cmake', 'python']
[0.193s] Level 1:colcon.colcon_core.package_identification:_identify(.) by extension 'cmake'
[0.193s] Level 1:colcon.colcon_core.package_identification:_identify(.) by extension 'python'
[0.193s] Level 1:colcon.colcon_core.package_identification:_identify(.) by extensions ['python_setup_py']
[0.193s] Level 1:colcon.colcon_core.package_identification:_identify(.) by extension 'python_setup_py'
[0.193s] Level 1:colcon.colcon_core.package_identification:_identify(build) by extensions ['ignore', 'ignore_ament_install']
[0.193s] Level 1:colcon.colcon_core.package_identification:_identify(build) by extension 'ignore'
[0.193s] Level 1:colcon.colcon_core.package_identification:_identify(build) ignored
[0.193s] Level 1:colcon.colcon_core.package_identification:_identify(install) by extensions ['ignore', 'ignore_ament_install']
[0.193s] Level 1:colcon.colcon_core.package_identification:_identify(install) by extension 'ignore'
[0.193s] Level 1:colcon.colcon_core.package_identification:_identify(install) ignored
[0.194s] Level 1:colcon.colcon_core.package_identification:_identify(log) by extensions ['ignore', 'ignore_ament_install']
[0.194s] Level 1:colcon.colcon_core.package_identification:_identify(log) by extension 'ignore'
[0.194s] Level 1:colcon.colcon_core.package_identification:_identify(log) ignored
[0.194s] Level 1:colcon.colcon_core.package_identification:_identify(src) by extensions ['ignore', 'ignore_ament_install']
[0.194s] Level 1:colcon.colcon_core.package_identification:_identify(src) by extension 'ignore'
[0.194s] Level 1:colcon.colcon_core.package_identification:_identify(src) by extension 'ignore_ament_install'
[0.194s] Level 1:colcon.colcon_core.package_identification:_identify(src) by extensions ['colcon_pkg']
[0.194s] Level 1:colcon.colcon_core.package_identification:_identify(src) by extension 'colcon_pkg'
[0.194s] Level 1:colcon.colcon_core.package_identification:_identify(src) by extensions ['colcon_meta']
[0.194s] Level 1:colcon.colcon_core.package_identification:_identify(src) by extension 'colcon_meta'
[0.194s] Level 1:colcon.colcon_core.package_identification:_identify(src) by extensions ['ros']
[0.194s] Level 1:colcon.colcon_core.package_identification:_identify(src) by extension 'ros'
[0.194s] Level 1:colcon.colcon_core.package_identification:_identify(src) by extensions ['cmake', 'python']
[0.194s] Level 1:colcon.colcon_core.package_identification:_identify(src) by extension 'cmake'
[0.194s] Level 1:colcon.colcon_core.package_identification:_identify(src) by extension 'python'
[0.194s] Level 1:colcon.colcon_core.package_identification:_identify(src) by extensions ['python_setup_py']
[0.194s] Level 1:colcon.colcon_core.package_identification:_identify(src) by extension 'python_setup_py'
[0.194s] Level 1:colcon.colcon_core.package_identification:_identify(src/px4_msgs) by extensions ['ignore', 'ignore_ament_install']
[0.194s] Level 1:colcon.colcon_core.package_identification:_identify(src/px4_msgs) by extension 'ignore'
[0.194s] Level 1:colcon.colcon_core.package_identification:_identify(src/px4_msgs) by extension 'ignore_ament_install'
[0.194s] Level 1:colcon.colcon_core.package_identification:_identify(src/px4_msgs) by extensions ['colcon_pkg']
[0.194s] Level 1:colcon.colcon_core.package_identification:_identify(src/px4_msgs) by extension 'colcon_pkg'
[0.195s] Level 1:colcon.colcon_core.package_identification:_identify(src/px4_msgs) by extensions ['colcon_meta']
[0.195s] Level 1:colcon.colcon_core.package_identification:_identify(src/px4_msgs) by extension 'colcon_meta'
[0.195s] Level 1:colcon.colcon_core.package_identification:_identify(src/px4_msgs) by extensions ['ros']
[0.195s] Level 1:colcon.colcon_core.package_identification:_identify(src/px4_msgs) by extension 'ros'
[0.197s] DEBUG:colcon.colcon_core.package_identification:Package 'src/px4_msgs' with type 'ros.ament_cmake' and name 'px4_msgs'
[0.197s] Level 1:colcon.colcon_core.package_identification:_identify(src/ros2_project) by extensions ['ignore', 'ignore_ament_install']
[0.197s] Level 1:colcon.colcon_core.package_identification:_identify(src/ros2_project) by extension 'ignore'
[0.197s] Level 1:colcon.colcon_core.package_identification:_identify(src/ros2_project) by extension 'ignore_ament_install'
[0.197s] Level 1:colcon.colcon_core.package_identification:_identify(src/ros2_project) by extensions ['colcon_pkg']
[0.198s] Level 1:colcon.colcon_core.package_identification:_identify(src/ros2_project) by extension 'colcon_pkg'
[0.198s] Level 1:colcon.colcon_core.package_identification:_identify(src/ros2_project) by extensions ['colcon_meta']
[0.198s] Level 1:colcon.colcon_core.package_identification:_identify(src/ros2_project) by extension 'colcon_meta'
[0.198s] Level 1:colcon.colcon_core.package_identification:_identify(src/ros2_project) by extensions ['ros']
[0.198s] Level 1:colcon.colcon_core.package_identification:_identify(src/ros2_project) by extension 'ros'
[0.198s] Level 1:colcon.colcon_core.package_identification:_identify(src/ros2_project) by extensions ['cmake', 'python']
[0.198s] Level 1:colcon.colcon_core.package_identification:_identify(src/ros2_project) by extension 'cmake'
[0.198s] Level 1:colcon.colcon_core.package_identification:_identify(src/ros2_project) by extension 'python'
[0.198s] Level 1:colcon.colcon_core.package_identification:_identify(src/ros2_project) by extensions ['python_setup_py']
[0.198s] Level 1:colcon.colcon_core.package_identification:_identify(src/ros2_project) by extension 'python_setup_py'
[0.198s] Level 1:colcon.colcon_core.package_identification:_identify(src/ros2_project/ros2_project) by extensions ['ignore', 'ignore_ament_install']
[0.198s] Level 1:colcon.colcon_core.package_identification:_identify(src/ros2_project/ros2_project) by extension 'ignore'
[0.198s] Level 1:colcon.colcon_core.package_identification:_identify(src/ros2_project/ros2_project) by extension 'ignore_ament_install'
[0.198s] Level 1:colcon.colcon_core.package_identification:_identify(src/ros2_project/ros2_project) by extensions ['colcon_pkg']
[0.198s] Level 1:colcon.colcon_core.package_identification:_identify(src/ros2_project/ros2_project) by extension 'colcon_pkg'
[0.198s] Level 1:colcon.colcon_core.package_identification:_identify(src/ros2_project/ros2_project) by extensions ['colcon_meta']
[0.198s] Level 1:colcon.colcon_core.package_identification:_identify(src/ros2_project/ros2_project) by extension 'colcon_meta'
[0.198s] Level 1:colcon.colcon_core.package_identification:_identify(src/ros2_project/ros2_project) by extensions ['ros']
[0.198s] Level 1:colcon.colcon_core.package_identification:_identify(src/ros2_project/ros2_project) by extension 'ros'
[0.199s] DEBUG:colcon.colcon_core.package_identification:Package 'src/ros2_project/ros2_project' with type 'ros.ament_python' and name 'ros2_project'
[0.199s] Level 1:colcon.colcon_core.package_discovery:discover_packages(recursive) using defaults
[0.199s] Level 1:colcon.colcon_core.package_discovery:discover_packages(ignore) discover
[0.199s] Level 1:colcon.colcon_core.package_discovery:discover_packages(ignore) using defaults
[0.199s] Level 1:colcon.colcon_core.package_discovery:discover_packages(path) discover
[0.199s] Level 1:colcon.colcon_core.package_discovery:discover_packages(path) using defaults
[0.216s] Level 1:colcon.colcon_core.package_discovery:discover_packages(prefix_path) check parameters
[0.216s] Level 1:colcon.colcon_core.package_discovery:discover_packages(prefix_path) discover
[0.217s] WARNING:colcon.colcon_ros.prefix_path.ament:The path '/home/harsh/ros2_project/install/ros2_project' in the environment variable AMENT_PREFIX_PATH doesn't exist
[0.218s] DEBUG:colcon.colcon_installed_package_information.package_discovery:Found 1 installed packages in /home/harsh/ros2_project/install
[0.220s] DEBUG:colcon.colcon_installed_package_information.package_discovery:Found 407 installed packages in /opt/ros/jazzy
[0.221s] Level 1:colcon.colcon_core.package_discovery:discover_packages(prefix_path) using defaults
[0.271s] ERROR:colcon.colcon_core.extension_point:Exception loading extension 'colcon_core.task.build.ros.ament_python': cannot import name 'Interpreter' from 'em' (/home/harsh/yolo/lib/python3.12/site-packages/em/__init__.py) The Python package 'empy' must be installed and 'em' must not be installed since both packages share the same namespace
Traceback (most recent call last):
  File "/usr/lib/python3/dist-packages/colcon_core/extension_point.py", line 169, in load_extension_points
    extension_type = load_extension_point(name, value, group)
                     ^^^^^^^^^^^^^^^^^^^^^^^^^^^^^^^^^^^^^^^^
  File "/usr/lib/python3/dist-packages/colcon_core/extension_point.py", line 210, in load_extension_point
    return EntryPoint(name, value, group).load()
           ^^^^^^^^^^^^^^^^^^^^^^^^^^^^^^^^^^^^^
  File "/usr/lib/python3.12/importlib/metadata/__init__.py", line 205, in load
    module = import_module(match.group('module'))
             ^^^^^^^^^^^^^^^^^^^^^^^^^^^^^^^^^^^^
  File "/usr/lib/python3.12/importlib/__init__.py", line 90, in import_module
    return _bootstrap._gcd_import(name[level:], package, level)
           ^^^^^^^^^^^^^^^^^^^^^^^^^^^^^^^^^^^^^^^^^^^^^^^^^^^^
  File "<frozen importlib._bootstrap>", line 1387, in _gcd_import
  File "<frozen importlib._bootstrap>", line 1360, in _find_and_load
  File "<frozen importlib._bootstrap>", line 1331, in _find_and_load_unlocked
  File "<frozen importlib._bootstrap>", line 935, in _load_unlocked
  File "<frozen importlib._bootstrap_external>", line 995, in exec_module
  File "<frozen importlib._bootstrap>", line 488, in _call_with_frames_removed
  File "/usr/lib/python3/dist-packages/colcon_ros/task/ament_python/build.py", line 17, in <module>
    from colcon_core.task.python.build import PythonBuildTask
  File "/usr/lib/python3/dist-packages/colcon_core/task/python/build.py", line 24, in <module>
    from colcon_core.task.python.template import expand_template
  File "/usr/lib/python3/dist-packages/colcon_core/task/python/template/__init__.py", line 4, in <module>
    from colcon_core.shell.template import expand_template  # noqa: F401
    ^^^^^^^^^^^^^^^^^^^^^^^^^^^^^^^^^^^^^^^^^^^^^^^^^^^^^^
  File "/usr/lib/python3/dist-packages/colcon_core/shell/template/__init__.py", line 19, in <module>
    raise e from None
  File "/usr/lib/python3/dist-packages/colcon_core/shell/template/__init__.py", line 10, in <module>
    from em import Interpreter
ImportError: cannot import name 'Interpreter' from 'em' (/home/harsh/yolo/lib/python3.12/site-packages/em/__init__.py) The Python package 'empy' must be installed and 'em' must not be installed since both packages share the same namespace

[0.274s] ERROR:colcon.colcon_core.extension_point:Exception loading extension 'colcon_core.task.build.python': cannot import name 'Interpreter' from 'em' (/home/harsh/yolo/lib/python3.12/site-packages/em/__init__.py) The Python package 'empy' must be installed and 'em' must not be installed since both packages share the same namespace
Traceback (most recent call last):
  File "/usr/lib/python3/dist-packages/colcon_core/extension_point.py", line 169, in load_extension_points
    extension_type = load_extension_point(name, value, group)
                     ^^^^^^^^^^^^^^^^^^^^^^^^^^^^^^^^^^^^^^^^
  File "/usr/lib/python3/dist-packages/colcon_core/extension_point.py", line 210, in load_extension_point
    return EntryPoint(name, value, group).load()
           ^^^^^^^^^^^^^^^^^^^^^^^^^^^^^^^^^^^^^
  File "/usr/lib/python3.12/importlib/metadata/__init__.py", line 205, in load
    module = import_module(match.group('module'))
             ^^^^^^^^^^^^^^^^^^^^^^^^^^^^^^^^^^^^
  File "/usr/lib/python3.12/importlib/__init__.py", line 90, in import_module
    return _bootstrap._gcd_import(name[level:], package, level)
           ^^^^^^^^^^^^^^^^^^^^^^^^^^^^^^^^^^^^^^^^^^^^^^^^^^^^
  File "<frozen importlib._bootstrap>", line 1387, in _gcd_import
  File "<frozen importlib._bootstrap>", line 1360, in _find_and_load
  File "<frozen importlib._bootstrap>", line 1331, in _find_and_load_unlocked
  File "<frozen importlib._bootstrap>", line 935, in _load_unlocked
  File "<frozen importlib._bootstrap_external>", line 995, in exec_module
  File "<frozen importlib._bootstrap>", line 488, in _call_with_frames_removed
  File "/usr/lib/python3/dist-packages/colcon_core/task/python/build.py", line 24, in <module>
    from colcon_core.task.python.template import expand_template
  File "/usr/lib/python3/dist-packages/colcon_core/task/python/template/__init__.py", line 4, in <module>
    from colcon_core.shell.template import expand_template  # noqa: F401
    ^^^^^^^^^^^^^^^^^^^^^^^^^^^^^^^^^^^^^^^^^^^^^^^^^^^^^^
  File "/usr/lib/python3/dist-packages/colcon_core/shell/template/__init__.py", line 19, in <module>
    raise e from None
  File "/usr/lib/python3/dist-packages/colcon_core/shell/template/__init__.py", line 10, in <module>
    from em import Interpreter
ImportError: cannot import name 'Interpreter' from 'em' (/home/harsh/yolo/lib/python3.12/site-packages/em/__init__.py) The Python package 'empy' must be installed and 'em' must not be installed since both packages share the same namespace

[0.274s] Level 5:colcon.colcon_core.verb:set package 'px4_msgs' build argument 'cmake_args' from command line to 'None'
[0.274s] Level 5:colcon.colcon_core.verb:set package 'px4_msgs' build argument 'cmake_target' from command line to 'None'
[0.274s] Level 5:colcon.colcon_core.verb:set package 'px4_msgs' build argument 'cmake_target_skip_unavailable' from command line to 'False'
[0.274s] Level 5:colcon.colcon_core.verb:set package 'px4_msgs' build argument 'cmake_clean_cache' from command line to 'False'
[0.274s] Level 5:colcon.colcon_core.verb:set package 'px4_msgs' build argument 'cmake_clean_first' from command line to 'False'
[0.274s] Level 5:colcon.colcon_core.verb:set package 'px4_msgs' build argument 'cmake_force_configure' from command line to 'False'
[0.274s] Level 5:colcon.colcon_core.verb:set package 'px4_msgs' build argument 'ament_cmake_args' from command line to 'None'
[0.274s] Level 5:colcon.colcon_core.verb:set package 'px4_msgs' build argument 'catkin_cmake_args' from command line to 'None'
[0.274s] Level 5:colcon.colcon_core.verb:set package 'px4_msgs' build argument 'catkin_skip_building_tests' from command line to 'False'
[0.274s] DEBUG:colcon.colcon_core.verb:Building package 'px4_msgs' with the following arguments: {'ament_cmake_args': None, 'build_base': '/home/harsh/ros2_project/build/px4_msgs', 'catkin_cmake_args': None, 'catkin_skip_building_tests': False, 'cmake_args': None, 'cmake_clean_cache': False, 'cmake_clean_first': False, 'cmake_force_configure': False, 'cmake_target': None, 'cmake_target_skip_unavailable': False, 'install_base': '/home/harsh/ros2_project/install/px4_msgs', 'merge_install': False, 'path': '/home/harsh/ros2_project/src/px4_msgs', 'symlink_install': False, 'test_result_base': None}
[0.276s] ERROR:colcon.colcon_core.extension_point:Exception loading extension 'colcon_core.task.build.ros.ament_python': cannot import name 'Interpreter' from 'em' (/home/harsh/yolo/lib/python3.12/site-packages/em/__init__.py) The Python package 'empy' must be installed and 'em' must not be installed since both packages share the same namespace
Traceback (most recent call last):
  File "/usr/lib/python3/dist-packages/colcon_core/extension_point.py", line 169, in load_extension_points
    extension_type = load_extension_point(name, value, group)
                     ^^^^^^^^^^^^^^^^^^^^^^^^^^^^^^^^^^^^^^^^
  File "/usr/lib/python3/dist-packages/colcon_core/extension_point.py", line 210, in load_extension_point
    return EntryPoint(name, value, group).load()
           ^^^^^^^^^^^^^^^^^^^^^^^^^^^^^^^^^^^^^
  File "/usr/lib/python3.12/importlib/metadata/__init__.py", line 205, in load
    module = import_module(match.group('module'))
             ^^^^^^^^^^^^^^^^^^^^^^^^^^^^^^^^^^^^
  File "/usr/lib/python3.12/importlib/__init__.py", line 90, in import_module
    return _bootstrap._gcd_import(name[level:], package, level)
           ^^^^^^^^^^^^^^^^^^^^^^^^^^^^^^^^^^^^^^^^^^^^^^^^^^^^
  File "<frozen importlib._bootstrap>", line 1387, in _gcd_import
  File "<frozen importlib._bootstrap>", line 1360, in _find_and_load
  File "<frozen importlib._bootstrap>", line 1331, in _find_and_load_unlocked
  File "<frozen importlib._bootstrap>", line 935, in _load_unlocked
  File "<frozen importlib._bootstrap_external>", line 995, in exec_module
  File "<frozen importlib._bootstrap>", line 488, in _call_with_frames_removed
  File "/usr/lib/python3/dist-packages/colcon_ros/task/ament_python/build.py", line 17, in <module>
    from colcon_core.task.python.build import PythonBuildTask
  File "/usr/lib/python3/dist-packages/colcon_core/task/python/build.py", line 24, in <module>
    from colcon_core.task.python.template import expand_template
  File "/usr/lib/python3/dist-packages/colcon_core/task/python/template/__init__.py", line 4, in <module>
    from colcon_core.shell.template import expand_template  # noqa: F401
    ^^^^^^^^^^^^^^^^^^^^^^^^^^^^^^^^^^^^^^^^^^^^^^^^^^^^^^
  File "/usr/lib/python3/dist-packages/colcon_core/shell/template/__init__.py", line 19, in <module>
    raise e from None
  File "/usr/lib/python3/dist-packages/colcon_core/shell/template/__init__.py", line 10, in <module>
    from em import Interpreter
ImportError: cannot import name 'Interpreter' from 'em' (/home/harsh/yolo/lib/python3.12/site-packages/em/__init__.py) The Python package 'empy' must be installed and 'em' must not be installed since both packages share the same namespace

[0.277s] ERROR:colcon.colcon_core.extension_point:Exception loading extension 'colcon_core.task.build.python': cannot import name 'Interpreter' from 'em' (/home/harsh/yolo/lib/python3.12/site-packages/em/__init__.py) The Python package 'empy' must be installed and 'em' must not be installed since both packages share the same namespace
Traceback (most recent call last):
  File "/usr/lib/python3/dist-packages/colcon_core/extension_point.py", line 169, in load_extension_points
    extension_type = load_extension_point(name, value, group)
                     ^^^^^^^^^^^^^^^^^^^^^^^^^^^^^^^^^^^^^^^^
  File "/usr/lib/python3/dist-packages/colcon_core/extension_point.py", line 210, in load_extension_point
    return EntryPoint(name, value, group).load()
           ^^^^^^^^^^^^^^^^^^^^^^^^^^^^^^^^^^^^^
  File "/usr/lib/python3.12/importlib/metadata/__init__.py", line 205, in load
    module = import_module(match.group('module'))
             ^^^^^^^^^^^^^^^^^^^^^^^^^^^^^^^^^^^^
  File "/usr/lib/python3.12/importlib/__init__.py", line 90, in import_module
    return _bootstrap._gcd_import(name[level:], package, level)
           ^^^^^^^^^^^^^^^^^^^^^^^^^^^^^^^^^^^^^^^^^^^^^^^^^^^^
  File "<frozen importlib._bootstrap>", line 1387, in _gcd_import
  File "<frozen importlib._bootstrap>", line 1360, in _find_and_load
  File "<frozen importlib._bootstrap>", line 1331, in _find_and_load_unlocked
  File "<frozen importlib._bootstrap>", line 935, in _load_unlocked
  File "<frozen importlib._bootstrap_external>", line 995, in exec_module
  File "<frozen importlib._bootstrap>", line 488, in _call_with_frames_removed
  File "/usr/lib/python3/dist-packages/colcon_core/task/python/build.py", line 24, in <module>
    from colcon_core.task.python.template import expand_template
  File "/usr/lib/python3/dist-packages/colcon_core/task/python/template/__init__.py", line 4, in <module>
    from colcon_core.shell.template import expand_template  # noqa: F401
    ^^^^^^^^^^^^^^^^^^^^^^^^^^^^^^^^^^^^^^^^^^^^^^^^^^^^^^
  File "/usr/lib/python3/dist-packages/colcon_core/shell/template/__init__.py", line 19, in <module>
    raise e from None
  File "/usr/lib/python3/dist-packages/colcon_core/shell/template/__init__.py", line 10, in <module>
    from em import Interpreter
ImportError: cannot import name 'Interpreter' from 'em' (/home/harsh/yolo/lib/python3.12/site-packages/em/__init__.py) The Python package 'empy' must be installed and 'em' must not be installed since both packages share the same namespace

[0.277s] WARNING:colcon.colcon_core.verb:No task extension to 'build' a 'ros.ament_python' package
[0.278s] INFO:colcon.colcon_core.executor:Executing jobs using 'parallel' executor
[0.279s] DEBUG:colcon.colcon_parallel_executor.executor.parallel:run_until_complete
[0.279s] INFO:colcon.colcon_ros.task.ament_cmake.build:Building ROS package in '/home/harsh/ros2_project/src/px4_msgs' with build type 'ament_cmake'
[0.279s] INFO:colcon.colcon_cmake.task.cmake.build:Building CMake package in '/home/harsh/ros2_project/src/px4_msgs'
[0.291s] ERROR:colcon.colcon_core.extension_point:Exception loading extension 'colcon_core.shell.zsh': cannot import name 'Interpreter' from 'em' (/home/harsh/yolo/lib/python3.12/site-packages/em/__init__.py) The Python package 'empy' must be installed and 'em' must not be installed since both packages share the same namespace
Traceback (most recent call last):
  File "/usr/lib/python3/dist-packages/colcon_core/extension_point.py", line 169, in load_extension_points
    extension_type = load_extension_point(name, value, group)
                     ^^^^^^^^^^^^^^^^^^^^^^^^^^^^^^^^^^^^^^^^
  File "/usr/lib/python3/dist-packages/colcon_core/extension_point.py", line 210, in load_extension_point
    return EntryPoint(name, value, group).load()
           ^^^^^^^^^^^^^^^^^^^^^^^^^^^^^^^^^^^^^
  File "/usr/lib/python3.12/importlib/metadata/__init__.py", line 205, in load
    module = import_module(match.group('module'))
             ^^^^^^^^^^^^^^^^^^^^^^^^^^^^^^^^^^^^
  File "/usr/lib/python3.12/importlib/__init__.py", line 90, in import_module
    return _bootstrap._gcd_import(name[level:], package, level)
           ^^^^^^^^^^^^^^^^^^^^^^^^^^^^^^^^^^^^^^^^^^^^^^^^^^^^
  File "<frozen importlib._bootstrap>", line 1387, in _gcd_import
  File "<frozen importlib._bootstrap>", line 1360, in _find_and_load
  File "<frozen importlib._bootstrap>", line 1331, in _find_and_load_unlocked
  File "<frozen importlib._bootstrap>", line 935, in _load_unlocked
  File "<frozen importlib._bootstrap_external>", line 995, in exec_module
  File "<frozen importlib._bootstrap>", line 488, in _call_with_frames_removed
  File "/usr/lib/python3/dist-packages/colcon_zsh/shell/zsh.py", line 13, in <module>
    from colcon_core.shell.template import expand_template
  File "/usr/lib/python3/dist-packages/colcon_core/shell/template/__init__.py", line 19, in <module>
    raise e from None
  File "/usr/lib/python3/dist-packages/colcon_core/shell/template/__init__.py", line 10, in <module>
    from em import Interpreter
ImportError: cannot import name 'Interpreter' from 'em' (/home/harsh/yolo/lib/python3.12/site-packages/em/__init__.py) The Python package 'empy' must be installed and 'em' must not be installed since both packages share the same namespace

[0.294s] ERROR:colcon.colcon_core.extension_point:Exception loading extension 'colcon_core.shell.bash': cannot import name 'Interpreter' from 'em' (/home/harsh/yolo/lib/python3.12/site-packages/em/__init__.py) The Python package 'empy' must be installed and 'em' must not be installed since both packages share the same namespace
Traceback (most recent call last):
  File "/usr/lib/python3/dist-packages/colcon_core/extension_point.py", line 169, in load_extension_points
    extension_type = load_extension_point(name, value, group)
                     ^^^^^^^^^^^^^^^^^^^^^^^^^^^^^^^^^^^^^^^^
  File "/usr/lib/python3/dist-packages/colcon_core/extension_point.py", line 210, in load_extension_point
    return EntryPoint(name, value, group).load()
           ^^^^^^^^^^^^^^^^^^^^^^^^^^^^^^^^^^^^^
  File "/usr/lib/python3.12/importlib/metadata/__init__.py", line 205, in load
    module = import_module(match.group('module'))
             ^^^^^^^^^^^^^^^^^^^^^^^^^^^^^^^^^^^^
  File "/usr/lib/python3.12/importlib/__init__.py", line 90, in import_module
    return _bootstrap._gcd_import(name[level:], package, level)
           ^^^^^^^^^^^^^^^^^^^^^^^^^^^^^^^^^^^^^^^^^^^^^^^^^^^^
  File "<frozen importlib._bootstrap>", line 1387, in _gcd_import
  File "<frozen importlib._bootstrap>", line 1360, in _find_and_load
  File "<frozen importlib._bootstrap>", line 1331, in _find_and_load_unlocked
  File "<frozen importlib._bootstrap>", line 935, in _load_unlocked
  File "<frozen importlib._bootstrap_external>", line 995, in exec_module
  File "<frozen importlib._bootstrap>", line 488, in _call_with_frames_removed
  File "/usr/lib/python3/dist-packages/colcon_bash/shell/bash.py", line 13, in <module>
    from colcon_core.shell.template import expand_template
  File "/usr/lib/python3/dist-packages/colcon_core/shell/template/__init__.py", line 19, in <module>
    raise e from None
  File "/usr/lib/python3/dist-packages/colcon_core/shell/template/__init__.py", line 10, in <module>
    from em import Interpreter
ImportError: cannot import name 'Interpreter' from 'em' (/home/harsh/yolo/lib/python3.12/site-packages/em/__init__.py) The Python package 'empy' must be installed and 'em' must not be installed since both packages share the same namespace

[0.296s] ERROR:colcon.colcon_core.extension_point:Exception loading extension 'colcon_core.shell.bat': cannot import name 'Interpreter' from 'em' (/home/harsh/yolo/lib/python3.12/site-packages/em/__init__.py) The Python package 'empy' must be installed and 'em' must not be installed since both packages share the same namespace
Traceback (most recent call last):
  File "/usr/lib/python3/dist-packages/colcon_core/extension_point.py", line 169, in load_extension_points
    extension_type = load_extension_point(name, value, group)
                     ^^^^^^^^^^^^^^^^^^^^^^^^^^^^^^^^^^^^^^^^
  File "/usr/lib/python3/dist-packages/colcon_core/extension_point.py", line 210, in load_extension_point
    return EntryPoint(name, value, group).load()
           ^^^^^^^^^^^^^^^^^^^^^^^^^^^^^^^^^^^^^
  File "/usr/lib/python3.12/importlib/metadata/__init__.py", line 205, in load
    module = import_module(match.group('module'))
             ^^^^^^^^^^^^^^^^^^^^^^^^^^^^^^^^^^^^
  File "/usr/lib/python3.12/importlib/__init__.py", line 90, in import_module
    return _bootstrap._gcd_import(name[level:], package, level)
           ^^^^^^^^^^^^^^^^^^^^^^^^^^^^^^^^^^^^^^^^^^^^^^^^^^^^
  File "<frozen importlib._bootstrap>", line 1387, in _gcd_import
  File "<frozen importlib._bootstrap>", line 1360, in _find_and_load
  File "<frozen importlib._bootstrap>", line 1331, in _find_and_load_unlocked
  File "<frozen importlib._bootstrap>", line 935, in _load_unlocked
  File "<frozen importlib._bootstrap_external>", line 995, in exec_module
  File "<frozen importlib._bootstrap>", line 488, in _call_with_frames_removed
  File "/usr/lib/python3/dist-packages/colcon_core/shell/bat.py", line 15, in <module>
    from colcon_core.shell.template import expand_template
  File "/usr/lib/python3/dist-packages/colcon_core/shell/template/__init__.py", line 19, in <module>
    raise e from None
  File "/usr/lib/python3/dist-packages/colcon_core/shell/template/__init__.py", line 10, in <module>
    from em import Interpreter
ImportError: cannot import name 'Interpreter' from 'em' (/home/harsh/yolo/lib/python3.12/site-packages/em/__init__.py) The Python package 'empy' must be installed and 'em' must not be installed since both packages share the same namespace

[0.298s] ERROR:colcon.colcon_core.extension_point:Exception loading extension 'colcon_core.shell.dsv': cannot import name 'Interpreter' from 'em' (/home/harsh/yolo/lib/python3.12/site-packages/em/__init__.py) The Python package 'empy' must be installed and 'em' must not be installed since both packages share the same namespace
Traceback (most recent call last):
  File "/usr/lib/python3/dist-packages/colcon_core/extension_point.py", line 169, in load_extension_points
    extension_type = load_extension_point(name, value, group)
                     ^^^^^^^^^^^^^^^^^^^^^^^^^^^^^^^^^^^^^^^^
  File "/usr/lib/python3/dist-packages/colcon_core/extension_point.py", line 210, in load_extension_point
    return EntryPoint(name, value, group).load()
           ^^^^^^^^^^^^^^^^^^^^^^^^^^^^^^^^^^^^^
  File "/usr/lib/python3.12/importlib/metadata/__init__.py", line 205, in load
    module = import_module(match.group('module'))
             ^^^^^^^^^^^^^^^^^^^^^^^^^^^^^^^^^^^^
  File "/usr/lib/python3.12/importlib/__init__.py", line 90, in import_module
    return _bootstrap._gcd_import(name[level:], package, level)
           ^^^^^^^^^^^^^^^^^^^^^^^^^^^^^^^^^^^^^^^^^^^^^^^^^^^^
  File "<frozen importlib._bootstrap>", line 1387, in _gcd_import
  File "<frozen importlib._bootstrap>", line 1360, in _find_and_load
  File "<frozen importlib._bootstrap>", line 1331, in _find_and_load_unlocked
  File "<frozen importlib._bootstrap>", line 935, in _load_unlocked
  File "<frozen importlib._bootstrap_external>", line 995, in exec_module
  File "<frozen importlib._bootstrap>", line 488, in _call_with_frames_removed
  File "/usr/lib/python3/dist-packages/colcon_core/shell/dsv.py", line 9, in <module>
    from colcon_core.shell.template import expand_template
  File "/usr/lib/python3/dist-packages/colcon_core/shell/template/__init__.py", line 19, in <module>
    raise e from None
  File "/usr/lib/python3/dist-packages/colcon_core/shell/template/__init__.py", line 10, in <module>
    from em import Interpreter
ImportError: cannot import name 'Interpreter' from 'em' (/home/harsh/yolo/lib/python3.12/site-packages/em/__init__.py) The Python package 'empy' must be installed and 'em' must not be installed since both packages share the same namespace

[0.300s] ERROR:colcon.colcon_core.extension_point:Exception loading extension 'colcon_core.shell.sh': cannot import name 'Interpreter' from 'em' (/home/harsh/yolo/lib/python3.12/site-packages/em/__init__.py) The Python package 'empy' must be installed and 'em' must not be installed since both packages share the same namespace
Traceback (most recent call last):
  File "/usr/lib/python3/dist-packages/colcon_core/extension_point.py", line 169, in load_extension_points
    extension_type = load_extension_point(name, value, group)
                     ^^^^^^^^^^^^^^^^^^^^^^^^^^^^^^^^^^^^^^^^
  File "/usr/lib/python3/dist-packages/colcon_core/extension_point.py", line 210, in load_extension_point
    return EntryPoint(name, value, group).load()
           ^^^^^^^^^^^^^^^^^^^^^^^^^^^^^^^^^^^^^
  File "/usr/lib/python3.12/importlib/metadata/__init__.py", line 205, in load
    module = import_module(match.group('module'))
             ^^^^^^^^^^^^^^^^^^^^^^^^^^^^^^^^^^^^
  File "/usr/lib/python3.12/importlib/__init__.py", line 90, in import_module
    return _bootstrap._gcd_import(name[level:], package, level)
           ^^^^^^^^^^^^^^^^^^^^^^^^^^^^^^^^^^^^^^^^^^^^^^^^^^^^
  File "<frozen importlib._bootstrap>", line 1387, in _gcd_import
  File "<frozen importlib._bootstrap>", line 1360, in _find_and_load
  File "<frozen importlib._bootstrap>", line 1331, in _find_and_load_unlocked
  File "<frozen importlib._bootstrap>", line 935, in _load_unlocked
  File "<frozen importlib._bootstrap_external>", line 995, in exec_module
  File "<frozen importlib._bootstrap>", line 488, in _call_with_frames_removed
  File "/usr/lib/python3/dist-packages/colcon_core/shell/sh.py", line 15, in <module>
    from colcon_core.shell.template import expand_template
  File "/usr/lib/python3/dist-packages/colcon_core/shell/template/__init__.py", line 19, in <module>
    raise e from None
  File "/usr/lib/python3/dist-packages/colcon_core/shell/template/__init__.py", line 10, in <module>
    from em import Interpreter
ImportError: cannot import name 'Interpreter' from 'em' (/home/harsh/yolo/lib/python3.12/site-packages/em/__init__.py) The Python package 'empy' must be installed and 'em' must not be installed since both packages share the same namespace

[0.301s] ERROR:colcon.colcon_core.extension_point:Exception loading extension 'colcon_core.shell.powershell': cannot import name 'Interpreter' from 'em' (/home/harsh/yolo/lib/python3.12/site-packages/em/__init__.py) The Python package 'empy' must be installed and 'em' must not be installed since both packages share the same namespace
Traceback (most recent call last):
  File "/usr/lib/python3/dist-packages/colcon_core/extension_point.py", line 169, in load_extension_points
    extension_type = load_extension_point(name, value, group)
                     ^^^^^^^^^^^^^^^^^^^^^^^^^^^^^^^^^^^^^^^^
  File "/usr/lib/python3/dist-packages/colcon_core/extension_point.py", line 210, in load_extension_point
    return EntryPoint(name, value, group).load()
           ^^^^^^^^^^^^^^^^^^^^^^^^^^^^^^^^^^^^^
  File "/usr/lib/python3.12/importlib/metadata/__init__.py", line 205, in load
    module = import_module(match.group('module'))
             ^^^^^^^^^^^^^^^^^^^^^^^^^^^^^^^^^^^^
  File "/usr/lib/python3.12/importlib/__init__.py", line 90, in import_module
    return _bootstrap._gcd_import(name[level:], package, level)
           ^^^^^^^^^^^^^^^^^^^^^^^^^^^^^^^^^^^^^^^^^^^^^^^^^^^^
  File "<frozen importlib._bootstrap>", line 1387, in _gcd_import
  File "<frozen importlib._bootstrap>", line 1360, in _find_and_load
  File "<frozen importlib._bootstrap>", line 1331, in _find_and_load_unlocked
  File "<frozen importlib._bootstrap>", line 935, in _load_unlocked
  File "<frozen importlib._bootstrap_external>", line 995, in exec_module
  File "<frozen importlib._bootstrap>", line 488, in _call_with_frames_removed
  File "/usr/lib/python3/dist-packages/colcon_powershell/shell/powershell.py", line 17, in <module>
    from colcon_core.shell.template import expand_template
  File "/usr/lib/python3/dist-packages/colcon_core/shell/template/__init__.py", line 19, in <module>
    raise e from None
  File "/usr/lib/python3/dist-packages/colcon_core/shell/template/__init__.py", line 10, in <module>
    from em import Interpreter
ImportError: cannot import name 'Interpreter' from 'em' (/home/harsh/yolo/lib/python3.12/site-packages/em/__init__.py) The Python package 'empy' must be installed and 'em' must not be installed since both packages share the same namespace

[0.301s] ERROR:colcon.colcon_cmake.task.cmake.build:Could not find a shell extension for the command environment
[0.320s] Level 1:colcon.colcon_core.environment:create_environment_scripts_only(px4_msgs)
[0.323s] Level 1:colcon.colcon_core.environment:checking '/home/harsh/ros2_project/install/px4_msgs' for CMake module files
[0.324s] Level 1:colcon.colcon_core.environment:checking '/home/harsh/ros2_project/install/px4_msgs' for CMake config files
[0.324s] Level 1:colcon.colcon_core.environment:checking '/home/harsh/ros2_project/install/px4_msgs/bin'
[0.324s] Level 1:colcon.colcon_core.environment:checking '/home/harsh/ros2_project/install/px4_msgs/lib/pkgconfig/px4_msgs.pc'
[0.325s] Level 1:colcon.colcon_core.environment:checking '/home/harsh/ros2_project/install/px4_msgs/lib/python3.12/site-packages'
[0.325s] Level 1:colcon.colcon_core.environment:checking '/home/harsh/ros2_project/install/px4_msgs/bin'
[0.326s] ERROR:colcon.colcon_core.extension_point:Exception loading extension 'colcon_core.shell.zsh': cannot import name 'Interpreter' from 'em' (/home/harsh/yolo/lib/python3.12/site-packages/em/__init__.py) The Python package 'empy' must be installed and 'em' must not be installed since both packages share the same namespace
Traceback (most recent call last):
  File "/usr/lib/python3/dist-packages/colcon_core/extension_point.py", line 169, in load_extension_points
    extension_type = load_extension_point(name, value, group)
                     ^^^^^^^^^^^^^^^^^^^^^^^^^^^^^^^^^^^^^^^^
  File "/usr/lib/python3/dist-packages/colcon_core/extension_point.py", line 210, in load_extension_point
    return EntryPoint(name, value, group).load()
           ^^^^^^^^^^^^^^^^^^^^^^^^^^^^^^^^^^^^^
  File "/usr/lib/python3.12/importlib/metadata/__init__.py", line 205, in load
    module = import_module(match.group('module'))
             ^^^^^^^^^^^^^^^^^^^^^^^^^^^^^^^^^^^^
  File "/usr/lib/python3.12/importlib/__init__.py", line 90, in import_module
    return _bootstrap._gcd_import(name[level:], package, level)
           ^^^^^^^^^^^^^^^^^^^^^^^^^^^^^^^^^^^^^^^^^^^^^^^^^^^^
  File "<frozen importlib._bootstrap>", line 1387, in _gcd_import
  File "<frozen importlib._bootstrap>", line 1360, in _find_and_load
  File "<frozen importlib._bootstrap>", line 1331, in _find_and_load_unlocked
  File "<frozen importlib._bootstrap>", line 935, in _load_unlocked
  File "<frozen importlib._bootstrap_external>", line 995, in exec_module
  File "<frozen importlib._bootstrap>", line 488, in _call_with_frames_removed
  File "/usr/lib/python3/dist-packages/colcon_zsh/shell/zsh.py", line 13, in <module>
    from colcon_core.shell.template import expand_template
  File "/usr/lib/python3/dist-packages/colcon_core/shell/template/__init__.py", line 19, in <module>
    raise e from None
  File "/usr/lib/python3/dist-packages/colcon_core/shell/template/__init__.py", line 10, in <module>
    from em import Interpreter
ImportError: cannot import name 'Interpreter' from 'em' (/home/harsh/yolo/lib/python3.12/site-packages/em/__init__.py) The Python package 'empy' must be installed and 'em' must not be installed since both packages share the same namespace

[0.327s] ERROR:colcon.colcon_core.extension_point:Exception loading extension 'colcon_core.shell.bash': cannot import name 'Interpreter' from 'em' (/home/harsh/yolo/lib/python3.12/site-packages/em/__init__.py) The Python package 'empy' must be installed and 'em' must not be installed since both packages share the same namespace
Traceback (most recent call last):
  File "/usr/lib/python3/dist-packages/colcon_core/extension_point.py", line 169, in load_extension_points
    extension_type = load_extension_point(name, value, group)
                     ^^^^^^^^^^^^^^^^^^^^^^^^^^^^^^^^^^^^^^^^
  File "/usr/lib/python3/dist-packages/colcon_core/extension_point.py", line 210, in load_extension_point
    return EntryPoint(name, value, group).load()
           ^^^^^^^^^^^^^^^^^^^^^^^^^^^^^^^^^^^^^
  File "/usr/lib/python3.12/importlib/metadata/__init__.py", line 205, in load
    module = import_module(match.group('module'))
             ^^^^^^^^^^^^^^^^^^^^^^^^^^^^^^^^^^^^
  File "/usr/lib/python3.12/importlib/__init__.py", line 90, in import_module
    return _bootstrap._gcd_import(name[level:], package, level)
           ^^^^^^^^^^^^^^^^^^^^^^^^^^^^^^^^^^^^^^^^^^^^^^^^^^^^
  File "<frozen importlib._bootstrap>", line 1387, in _gcd_import
  File "<frozen importlib._bootstrap>", line 1360, in _find_and_load
  File "<frozen importlib._bootstrap>", line 1331, in _find_and_load_unlocked
  File "<frozen importlib._bootstrap>", line 935, in _load_unlocked
  File "<frozen importlib._bootstrap_external>", line 995, in exec_module
  File "<frozen importlib._bootstrap>", line 488, in _call_with_frames_removed
  File "/usr/lib/python3/dist-packages/colcon_bash/shell/bash.py", line 13, in <module>
    from colcon_core.shell.template import expand_template
  File "/usr/lib/python3/dist-packages/colcon_core/shell/template/__init__.py", line 19, in <module>
    raise e from None
  File "/usr/lib/python3/dist-packages/colcon_core/shell/template/__init__.py", line 10, in <module>
    from em import Interpreter
ImportError: cannot import name 'Interpreter' from 'em' (/home/harsh/yolo/lib/python3.12/site-packages/em/__init__.py) The Python package 'empy' must be installed and 'em' must not be installed since both packages share the same namespace

[0.329s] ERROR:colcon.colcon_core.extension_point:Exception loading extension 'colcon_core.shell.bat': cannot import name 'Interpreter' from 'em' (/home/harsh/yolo/lib/python3.12/site-packages/em/__init__.py) The Python package 'empy' must be installed and 'em' must not be installed since both packages share the same namespace
Traceback (most recent call last):
  File "/usr/lib/python3/dist-packages/colcon_core/extension_point.py", line 169, in load_extension_points
    extension_type = load_extension_point(name, value, group)
                     ^^^^^^^^^^^^^^^^^^^^^^^^^^^^^^^^^^^^^^^^
  File "/usr/lib/python3/dist-packages/colcon_core/extension_point.py", line 210, in load_extension_point
    return EntryPoint(name, value, group).load()
           ^^^^^^^^^^^^^^^^^^^^^^^^^^^^^^^^^^^^^
  File "/usr/lib/python3.12/importlib/metadata/__init__.py", line 205, in load
    module = import_module(match.group('module'))
             ^^^^^^^^^^^^^^^^^^^^^^^^^^^^^^^^^^^^
  File "/usr/lib/python3.12/importlib/__init__.py", line 90, in import_module
    return _bootstrap._gcd_import(name[level:], package, level)
           ^^^^^^^^^^^^^^^^^^^^^^^^^^^^^^^^^^^^^^^^^^^^^^^^^^^^
  File "<frozen importlib._bootstrap>", line 1387, in _gcd_import
  File "<frozen importlib._bootstrap>", line 1360, in _find_and_load
  File "<frozen importlib._bootstrap>", line 1331, in _find_and_load_unlocked
  File "<frozen importlib._bootstrap>", line 935, in _load_unlocked
  File "<frozen importlib._bootstrap_external>", line 995, in exec_module
  File "<frozen importlib._bootstrap>", line 488, in _call_with_frames_removed
  File "/usr/lib/python3/dist-packages/colcon_core/shell/bat.py", line 15, in <module>
    from colcon_core.shell.template import expand_template
  File "/usr/lib/python3/dist-packages/colcon_core/shell/template/__init__.py", line 19, in <module>
    raise e from None
  File "/usr/lib/python3/dist-packages/colcon_core/shell/template/__init__.py", line 10, in <module>
    from em import Interpreter
ImportError: cannot import name 'Interpreter' from 'em' (/home/harsh/yolo/lib/python3.12/site-packages/em/__init__.py) The Python package 'empy' must be installed and 'em' must not be installed since both packages share the same namespace

[0.330s] ERROR:colcon.colcon_core.extension_point:Exception loading extension 'colcon_core.shell.dsv': cannot import name 'Interpreter' from 'em' (/home/harsh/yolo/lib/python3.12/site-packages/em/__init__.py) The Python package 'empy' must be installed and 'em' must not be installed since both packages share the same namespace
Traceback (most recent call last):
  File "/usr/lib/python3/dist-packages/colcon_core/extension_point.py", line 169, in load_extension_points
    extension_type = load_extension_point(name, value, group)
                     ^^^^^^^^^^^^^^^^^^^^^^^^^^^^^^^^^^^^^^^^
  File "/usr/lib/python3/dist-packages/colcon_core/extension_point.py", line 210, in load_extension_point
    return EntryPoint(name, value, group).load()
           ^^^^^^^^^^^^^^^^^^^^^^^^^^^^^^^^^^^^^
  File "/usr/lib/python3.12/importlib/metadata/__init__.py", line 205, in load
    module = import_module(match.group('module'))
             ^^^^^^^^^^^^^^^^^^^^^^^^^^^^^^^^^^^^
  File "/usr/lib/python3.12/importlib/__init__.py", line 90, in import_module
    return _bootstrap._gcd_import(name[level:], package, level)
           ^^^^^^^^^^^^^^^^^^^^^^^^^^^^^^^^^^^^^^^^^^^^^^^^^^^^
  File "<frozen importlib._bootstrap>", line 1387, in _gcd_import
  File "<frozen importlib._bootstrap>", line 1360, in _find_and_load
  File "<frozen importlib._bootstrap>", line 1331, in _find_and_load_unlocked
  File "<frozen importlib._bootstrap>", line 935, in _load_unlocked
  File "<frozen importlib._bootstrap_external>", line 995, in exec_module
  File "<frozen importlib._bootstrap>", line 488, in _call_with_frames_removed
  File "/usr/lib/python3/dist-packages/colcon_core/shell/dsv.py", line 9, in <module>
    from colcon_core.shell.template import expand_template
  File "/usr/lib/python3/dist-packages/colcon_core/shell/template/__init__.py", line 19, in <module>
    raise e from None
  File "/usr/lib/python3/dist-packages/colcon_core/shell/template/__init__.py", line 10, in <module>
    from em import Interpreter
ImportError: cannot import name 'Interpreter' from 'em' (/home/harsh/yolo/lib/python3.12/site-packages/em/__init__.py) The Python package 'empy' must be installed and 'em' must not be installed since both packages share the same namespace

[0.331s] ERROR:colcon.colcon_core.extension_point:Exception loading extension 'colcon_core.shell.sh': cannot import name 'Interpreter' from 'em' (/home/harsh/yolo/lib/python3.12/site-packages/em/__init__.py) The Python package 'empy' must be installed and 'em' must not be installed since both packages share the same namespace
Traceback (most recent call last):
  File "/usr/lib/python3/dist-packages/colcon_core/extension_point.py", line 169, in load_extension_points
    extension_type = load_extension_point(name, value, group)
                     ^^^^^^^^^^^^^^^^^^^^^^^^^^^^^^^^^^^^^^^^
  File "/usr/lib/python3/dist-packages/colcon_core/extension_point.py", line 210, in load_extension_point
    return EntryPoint(name, value, group).load()
           ^^^^^^^^^^^^^^^^^^^^^^^^^^^^^^^^^^^^^
  File "/usr/lib/python3.12/importlib/metadata/__init__.py", line 205, in load
    module = import_module(match.group('module'))
             ^^^^^^^^^^^^^^^^^^^^^^^^^^^^^^^^^^^^
  File "/usr/lib/python3.12/importlib/__init__.py", line 90, in import_module
    return _bootstrap._gcd_import(name[level:], package, level)
           ^^^^^^^^^^^^^^^^^^^^^^^^^^^^^^^^^^^^^^^^^^^^^^^^^^^^
  File "<frozen importlib._bootstrap>", line 1387, in _gcd_import
  File "<frozen importlib._bootstrap>", line 1360, in _find_and_load
  File "<frozen importlib._bootstrap>", line 1331, in _find_and_load_unlocked
  File "<frozen importlib._bootstrap>", line 935, in _load_unlocked
  File "<frozen importlib._bootstrap_external>", line 995, in exec_module
  File "<frozen importlib._bootstrap>", line 488, in _call_with_frames_removed
  File "/usr/lib/python3/dist-packages/colcon_core/shell/sh.py", line 15, in <module>
    from colcon_core.shell.template import expand_template
  File "/usr/lib/python3/dist-packages/colcon_core/shell/template/__init__.py", line 19, in <module>
    raise e from None
  File "/usr/lib/python3/dist-packages/colcon_core/shell/template/__init__.py", line 10, in <module>
    from em import Interpreter
ImportError: cannot import name 'Interpreter' from 'em' (/home/harsh/yolo/lib/python3.12/site-packages/em/__init__.py) The Python package 'empy' must be installed and 'em' must not be installed since both packages share the same namespace

[0.333s] ERROR:colcon.colcon_core.extension_point:Exception loading extension 'colcon_core.shell.powershell': cannot import name 'Interpreter' from 'em' (/home/harsh/yolo/lib/python3.12/site-packages/em/__init__.py) The Python package 'empy' must be installed and 'em' must not be installed since both packages share the same namespace
Traceback (most recent call last):
  File "/usr/lib/python3/dist-packages/colcon_core/extension_point.py", line 169, in load_extension_points
    extension_type = load_extension_point(name, value, group)
                     ^^^^^^^^^^^^^^^^^^^^^^^^^^^^^^^^^^^^^^^^
  File "/usr/lib/python3/dist-packages/colcon_core/extension_point.py", line 210, in load_extension_point
    return EntryPoint(name, value, group).load()
           ^^^^^^^^^^^^^^^^^^^^^^^^^^^^^^^^^^^^^
  File "/usr/lib/python3.12/importlib/metadata/__init__.py", line 205, in load
    module = import_module(match.group('module'))
             ^^^^^^^^^^^^^^^^^^^^^^^^^^^^^^^^^^^^
  File "/usr/lib/python3.12/importlib/__init__.py", line 90, in import_module
    return _bootstrap._gcd_import(name[level:], package, level)
           ^^^^^^^^^^^^^^^^^^^^^^^^^^^^^^^^^^^^^^^^^^^^^^^^^^^^
  File "<frozen importlib._bootstrap>", line 1387, in _gcd_import
  File "<frozen importlib._bootstrap>", line 1360, in _find_and_load
  File "<frozen importlib._bootstrap>", line 1331, in _find_and_load_unlocked
  File "<frozen importlib._bootstrap>", line 935, in _load_unlocked
  File "<frozen importlib._bootstrap_external>", line 995, in exec_module
  File "<frozen importlib._bootstrap>", line 488, in _call_with_frames_removed
  File "/usr/lib/python3/dist-packages/colcon_powershell/shell/powershell.py", line 17, in <module>
    from colcon_core.shell.template import expand_template
  File "/usr/lib/python3/dist-packages/colcon_core/shell/template/__init__.py", line 19, in <module>
    raise e from None
  File "/usr/lib/python3/dist-packages/colcon_core/shell/template/__init__.py", line 10, in <module>
    from em import Interpreter
ImportError: cannot import name 'Interpreter' from 'em' (/home/harsh/yolo/lib/python3.12/site-packages/em/__init__.py) The Python package 'empy' must be installed and 'em' must not be installed since both packages share the same namespace

[0.333s] Level 1:colcon.colcon_core.environment:create_file_with_runtime_dependencies(/home/harsh/ros2_project/install/px4_msgs/share/colcon-core/packages/px4_msgs)
[0.343s] DEBUG:colcon.colcon_parallel_executor.executor.parallel:closing loop
[0.343s] DEBUG:colcon.colcon_parallel_executor.executor.parallel:loop closed
[0.343s] DEBUG:colcon.colcon_parallel_executor.executor.parallel:run_until_complete finished with '1'
[0.343s] DEBUG:colcon.colcon_core.event_reactor:joining thread
[0.350s] INFO:colcon.colcon_core.plugin_system:Skipping extension 'colcon_notification.desktop_notification.terminal_notifier': Not used on non-Darwin systems
[0.350s] INFO:colcon.colcon_core.plugin_system:Skipping extension 'colcon_notification.desktop_notification.win32': Not used on non-Windows systems
[0.350s] INFO:colcon.colcon_notification.desktop_notification:Sending desktop notification using 'notify2'
[0.375s] DEBUG:colcon.colcon_core.event_reactor:joined thread
[0.377s] ERROR:colcon.colcon_core.extension_point:Exception loading extension 'colcon_core.shell.zsh': cannot import name 'Interpreter' from 'em' (/home/harsh/yolo/lib/python3.12/site-packages/em/__init__.py) The Python package 'empy' must be installed and 'em' must not be installed since both packages share the same namespace
Traceback (most recent call last):
  File "/usr/lib/python3/dist-packages/colcon_core/extension_point.py", line 169, in load_extension_points
    extension_type = load_extension_point(name, value, group)
                     ^^^^^^^^^^^^^^^^^^^^^^^^^^^^^^^^^^^^^^^^
  File "/usr/lib/python3/dist-packages/colcon_core/extension_point.py", line 210, in load_extension_point
    return EntryPoint(name, value, group).load()
           ^^^^^^^^^^^^^^^^^^^^^^^^^^^^^^^^^^^^^
  File "/usr/lib/python3.12/importlib/metadata/__init__.py", line 205, in load
    module = import_module(match.group('module'))
             ^^^^^^^^^^^^^^^^^^^^^^^^^^^^^^^^^^^^
  File "/usr/lib/python3.12/importlib/__init__.py", line 90, in import_module
    return _bootstrap._gcd_import(name[level:], package, level)
           ^^^^^^^^^^^^^^^^^^^^^^^^^^^^^^^^^^^^^^^^^^^^^^^^^^^^
  File "<frozen importlib._bootstrap>", line 1387, in _gcd_import
  File "<frozen importlib._bootstrap>", line 1360, in _find_and_load
  File "<frozen importlib._bootstrap>", line 1331, in _find_and_load_unlocked
  File "<frozen importlib._bootstrap>", line 935, in _load_unlocked
  File "<frozen importlib._bootstrap_external>", line 995, in exec_module
  File "<frozen importlib._bootstrap>", line 488, in _call_with_frames_removed
  File "/usr/lib/python3/dist-packages/colcon_zsh/shell/zsh.py", line 13, in <module>
    from colcon_core.shell.template import expand_template
  File "/usr/lib/python3/dist-packages/colcon_core/shell/template/__init__.py", line 19, in <module>
    raise e from None
  File "/usr/lib/python3/dist-packages/colcon_core/shell/template/__init__.py", line 10, in <module>
    from em import Interpreter
ImportError: cannot import name 'Interpreter' from 'em' (/home/harsh/yolo/lib/python3.12/site-packages/em/__init__.py) The Python package 'empy' must be installed and 'em' must not be installed since both packages share the same namespace

[0.379s] ERROR:colcon.colcon_core.extension_point:Exception loading extension 'colcon_core.shell.bash': cannot import name 'Interpreter' from 'em' (/home/harsh/yolo/lib/python3.12/site-packages/em/__init__.py) The Python package 'empy' must be installed and 'em' must not be installed since both packages share the same namespace
Traceback (most recent call last):
  File "/usr/lib/python3/dist-packages/colcon_core/extension_point.py", line 169, in load_extension_points
    extension_type = load_extension_point(name, value, group)
                     ^^^^^^^^^^^^^^^^^^^^^^^^^^^^^^^^^^^^^^^^
  File "/usr/lib/python3/dist-packages/colcon_core/extension_point.py", line 210, in load_extension_point
    return EntryPoint(name, value, group).load()
           ^^^^^^^^^^^^^^^^^^^^^^^^^^^^^^^^^^^^^
  File "/usr/lib/python3.12/importlib/metadata/__init__.py", line 205, in load
    module = import_module(match.group('module'))
             ^^^^^^^^^^^^^^^^^^^^^^^^^^^^^^^^^^^^
  File "/usr/lib/python3.12/importlib/__init__.py", line 90, in import_module
    return _bootstrap._gcd_import(name[level:], package, level)
           ^^^^^^^^^^^^^^^^^^^^^^^^^^^^^^^^^^^^^^^^^^^^^^^^^^^^
  File "<frozen importlib._bootstrap>", line 1387, in _gcd_import
  File "<frozen importlib._bootstrap>", line 1360, in _find_and_load
  File "<frozen importlib._bootstrap>", line 1331, in _find_and_load_unlocked
  File "<frozen importlib._bootstrap>", line 935, in _load_unlocked
  File "<frozen importlib._bootstrap_external>", line 995, in exec_module
  File "<frozen importlib._bootstrap>", line 488, in _call_with_frames_removed
  File "/usr/lib/python3/dist-packages/colcon_bash/shell/bash.py", line 13, in <module>
    from colcon_core.shell.template import expand_template
  File "/usr/lib/python3/dist-packages/colcon_core/shell/template/__init__.py", line 19, in <module>
    raise e from None
  File "/usr/lib/python3/dist-packages/colcon_core/shell/template/__init__.py", line 10, in <module>
    from em import Interpreter
ImportError: cannot import name 'Interpreter' from 'em' (/home/harsh/yolo/lib/python3.12/site-packages/em/__init__.py) The Python package 'empy' must be installed and 'em' must not be installed since both packages share the same namespace

[0.381s] ERROR:colcon.colcon_core.extension_point:Exception loading extension 'colcon_core.shell.bat': cannot import name 'Interpreter' from 'em' (/home/harsh/yolo/lib/python3.12/site-packages/em/__init__.py) The Python package 'empy' must be installed and 'em' must not be installed since both packages share the same namespace
Traceback (most recent call last):
  File "/usr/lib/python3/dist-packages/colcon_core/extension_point.py", line 169, in load_extension_points
    extension_type = load_extension_point(name, value, group)
                     ^^^^^^^^^^^^^^^^^^^^^^^^^^^^^^^^^^^^^^^^
  File "/usr/lib/python3/dist-packages/colcon_core/extension_point.py", line 210, in load_extension_point
    return EntryPoint(name, value, group).load()
           ^^^^^^^^^^^^^^^^^^^^^^^^^^^^^^^^^^^^^
  File "/usr/lib/python3.12/importlib/metadata/__init__.py", line 205, in load
    module = import_module(match.group('module'))
             ^^^^^^^^^^^^^^^^^^^^^^^^^^^^^^^^^^^^
  File "/usr/lib/python3.12/importlib/__init__.py", line 90, in import_module
    return _bootstrap._gcd_import(name[level:], package, level)
           ^^^^^^^^^^^^^^^^^^^^^^^^^^^^^^^^^^^^^^^^^^^^^^^^^^^^
  File "<frozen importlib._bootstrap>", line 1387, in _gcd_import
  File "<frozen importlib._bootstrap>", line 1360, in _find_and_load
  File "<frozen importlib._bootstrap>", line 1331, in _find_and_load_unlocked
  File "<frozen importlib._bootstrap>", line 935, in _load_unlocked
  File "<frozen importlib._bootstrap_external>", line 995, in exec_module
  File "<frozen importlib._bootstrap>", line 488, in _call_with_frames_removed
  File "/usr/lib/python3/dist-packages/colcon_core/shell/bat.py", line 15, in <module>
    from colcon_core.shell.template import expand_template
  File "/usr/lib/python3/dist-packages/colcon_core/shell/template/__init__.py", line 19, in <module>
    raise e from None
  File "/usr/lib/python3/dist-packages/colcon_core/shell/template/__init__.py", line 10, in <module>
    from em import Interpreter
ImportError: cannot import name 'Interpreter' from 'em' (/home/harsh/yolo/lib/python3.12/site-packages/em/__init__.py) The Python package 'empy' must be installed and 'em' must not be installed since both packages share the same namespace

[0.382s] ERROR:colcon.colcon_core.extension_point:Exception loading extension 'colcon_core.shell.dsv': cannot import name 'Interpreter' from 'em' (/home/harsh/yolo/lib/python3.12/site-packages/em/__init__.py) The Python package 'empy' must be installed and 'em' must not be installed since both packages share the same namespace
Traceback (most recent call last):
  File "/usr/lib/python3/dist-packages/colcon_core/extension_point.py", line 169, in load_extension_points
    extension_type = load_extension_point(name, value, group)
                     ^^^^^^^^^^^^^^^^^^^^^^^^^^^^^^^^^^^^^^^^
  File "/usr/lib/python3/dist-packages/colcon_core/extension_point.py", line 210, in load_extension_point
    return EntryPoint(name, value, group).load()
           ^^^^^^^^^^^^^^^^^^^^^^^^^^^^^^^^^^^^^
  File "/usr/lib/python3.12/importlib/metadata/__init__.py", line 205, in load
    module = import_module(match.group('module'))
             ^^^^^^^^^^^^^^^^^^^^^^^^^^^^^^^^^^^^
  File "/usr/lib/python3.12/importlib/__init__.py", line 90, in import_module
    return _bootstrap._gcd_import(name[level:], package, level)
           ^^^^^^^^^^^^^^^^^^^^^^^^^^^^^^^^^^^^^^^^^^^^^^^^^^^^
  File "<frozen importlib._bootstrap>", line 1387, in _gcd_import
  File "<frozen importlib._bootstrap>", line 1360, in _find_and_load
  File "<frozen importlib._bootstrap>", line 1331, in _find_and_load_unlocked
  File "<frozen importlib._bootstrap>", line 935, in _load_unlocked
  File "<frozen importlib._bootstrap_external>", line 995, in exec_module
  File "<frozen importlib._bootstrap>", line 488, in _call_with_frames_removed
  File "/usr/lib/python3/dist-packages/colcon_core/shell/dsv.py", line 9, in <module>
    from colcon_core.shell.template import expand_template
  File "/usr/lib/python3/dist-packages/colcon_core/shell/template/__init__.py", line 19, in <module>
    raise e from None
  File "/usr/lib/python3/dist-packages/colcon_core/shell/template/__init__.py", line 10, in <module>
    from em import Interpreter
ImportError: cannot import name 'Interpreter' from 'em' (/home/harsh/yolo/lib/python3.12/site-packages/em/__init__.py) The Python package 'empy' must be installed and 'em' must not be installed since both packages share the same namespace

[0.384s] ERROR:colcon.colcon_core.extension_point:Exception loading extension 'colcon_core.shell.sh': cannot import name 'Interpreter' from 'em' (/home/harsh/yolo/lib/python3.12/site-packages/em/__init__.py) The Python package 'empy' must be installed and 'em' must not be installed since both packages share the same namespace
Traceback (most recent call last):
  File "/usr/lib/python3/dist-packages/colcon_core/extension_point.py", line 169, in load_extension_points
    extension_type = load_extension_point(name, value, group)
                     ^^^^^^^^^^^^^^^^^^^^^^^^^^^^^^^^^^^^^^^^
  File "/usr/lib/python3/dist-packages/colcon_core/extension_point.py", line 210, in load_extension_point
    return EntryPoint(name, value, group).load()
           ^^^^^^^^^^^^^^^^^^^^^^^^^^^^^^^^^^^^^
  File "/usr/lib/python3.12/importlib/metadata/__init__.py", line 205, in load
    module = import_module(match.group('module'))
             ^^^^^^^^^^^^^^^^^^^^^^^^^^^^^^^^^^^^
  File "/usr/lib/python3.12/importlib/__init__.py", line 90, in import_module
    return _bootstrap._gcd_import(name[level:], package, level)
           ^^^^^^^^^^^^^^^^^^^^^^^^^^^^^^^^^^^^^^^^^^^^^^^^^^^^
  File "<frozen importlib._bootstrap>", line 1387, in _gcd_import
  File "<frozen importlib._bootstrap>", line 1360, in _find_and_load
  File "<frozen importlib._bootstrap>", line 1331, in _find_and_load_unlocked
  File "<frozen importlib._bootstrap>", line 935, in _load_unlocked
  File "<frozen importlib._bootstrap_external>", line 995, in exec_module
  File "<frozen importlib._bootstrap>", line 488, in _call_with_frames_removed
  File "/usr/lib/python3/dist-packages/colcon_core/shell/sh.py", line 15, in <module>
    from colcon_core.shell.template import expand_template
  File "/usr/lib/python3/dist-packages/colcon_core/shell/template/__init__.py", line 19, in <module>
    raise e from None
  File "/usr/lib/python3/dist-packages/colcon_core/shell/template/__init__.py", line 10, in <module>
    from em import Interpreter
ImportError: cannot import name 'Interpreter' from 'em' (/home/harsh/yolo/lib/python3.12/site-packages/em/__init__.py) The Python package 'empy' must be installed and 'em' must not be installed since both packages share the same namespace

[0.385s] ERROR:colcon.colcon_core.extension_point:Exception loading extension 'colcon_core.shell.powershell': cannot import name 'Interpreter' from 'em' (/home/harsh/yolo/lib/python3.12/site-packages/em/__init__.py) The Python package 'empy' must be installed and 'em' must not be installed since both packages share the same namespace
Traceback (most recent call last):
  File "/usr/lib/python3/dist-packages/colcon_core/extension_point.py", line 169, in load_extension_points
    extension_type = load_extension_point(name, value, group)
                     ^^^^^^^^^^^^^^^^^^^^^^^^^^^^^^^^^^^^^^^^
  File "/usr/lib/python3/dist-packages/colcon_core/extension_point.py", line 210, in load_extension_point
    return EntryPoint(name, value, group).load()
           ^^^^^^^^^^^^^^^^^^^^^^^^^^^^^^^^^^^^^
  File "/usr/lib/python3.12/importlib/metadata/__init__.py", line 205, in load
    module = import_module(match.group('module'))
             ^^^^^^^^^^^^^^^^^^^^^^^^^^^^^^^^^^^^
  File "/usr/lib/python3.12/importlib/__init__.py", line 90, in import_module
    return _bootstrap._gcd_import(name[level:], package, level)
           ^^^^^^^^^^^^^^^^^^^^^^^^^^^^^^^^^^^^^^^^^^^^^^^^^^^^
  File "<frozen importlib._bootstrap>", line 1387, in _gcd_import
  File "<frozen importlib._bootstrap>", line 1360, in _find_and_load
  File "<frozen importlib._bootstrap>", line 1331, in _find_and_load_unlocked
  File "<frozen importlib._bootstrap>", line 935, in _load_unlocked
  File "<frozen importlib._bootstrap_external>", line 995, in exec_module
  File "<frozen importlib._bootstrap>", line 488, in _call_with_frames_removed
  File "/usr/lib/python3/dist-packages/colcon_powershell/shell/powershell.py", line 17, in <module>
    from colcon_core.shell.template import expand_template
  File "/usr/lib/python3/dist-packages/colcon_core/shell/template/__init__.py", line 19, in <module>
    raise e from None
  File "/usr/lib/python3/dist-packages/colcon_core/shell/template/__init__.py", line 10, in <module>
    from em import Interpreter
ImportError: cannot import name 'Interpreter' from 'em' (/home/harsh/yolo/lib/python3.12/site-packages/em/__init__.py) The Python package 'empy' must be installed and 'em' must not be installed since both packages share the same namespace

