[0.011s] Invoking command in '/home/harsh/ros2_project/build/px4_msgs': CMAKE_PREFIX_PATH=${CMAKE_PREFIX_PATH}:/home/harsh/ros2_project/install/ros2_project:/opt/ros/jazzy DEBUGINFOD_URLS=https://debuginfod.ubuntu.com PS1=(yolo) \[\e]0;\u@\h: \w\a\]${debian_chroot:+($debian_chroot)}\[\033[01;32m\]\u@\h\[\033[00m\]:\[\033[01;34m\]\w\[\033[00m\]\$ VIRTUAL_ENV_PROMPT=(yolo) /usr/bin/cmake /home/harsh/ros2_project/src/px4_msgs -DCMAKE_INSTALL_PREFIX=/home/harsh/ros2_project/install/px4_msgs
[0.154s] -- The C compiler identification is GNU 13.3.0
[0.264s] -- The CXX compiler identification is GNU 13.3.0
[0.291s] -- Detecting C compiler ABI info
[0.413s] -- Detecting C compiler ABI info - done
[0.424s] -- Check for working C compiler: /usr/bin/cc - skipped
[0.425s] -- Detecting C compile features
[0.426s] -- Detecting C compile features - done
[0.440s] -- Detecting CXX compiler ABI info
[0.569s] -- Detecting CXX compiler ABI info - done
[0.582s] -- Check for working CXX compiler: /usr/bin/c++ - skipped
[0.582s] -- Detecting CXX compile features
[0.583s] -- Detecting CXX compile features - done
[0.597s] -- Found ament_cmake: 2.5.3 (/opt/ros/jazzy/share/ament_cmake/cmake)
[0.745s] -- Found Python3: /home/harsh/yolo/bin/python3 (found version "3.12.3") found components: Interpreter 
[0.910s] -- Found builtin_interfaces: 2.0.2 (/opt/ros/jazzy/share/builtin_interfaces/cmake)
[0.975s] -- Found rosidl_generator_c: 4.6.5 (/opt/ros/jazzy/share/rosidl_generator_c/cmake)
[0.996s] -- Found rosidl_generator_cpp: 4.6.5 (/opt/ros/jazzy/share/rosidl_generator_cpp/cmake)
[1.024s] -- Using all available rosidl_typesupport_c: rosidl_typesupport_fastrtps_c;rosidl_typesupport_introspection_c
[1.054s] -- Using all available rosidl_typesupport_cpp: rosidl_typesupport_fastrtps_cpp;rosidl_typesupport_introspection_cpp
[1.080s] -- Found rosidl_default_generators: 1.6.0 (/opt/ros/jazzy/share/rosidl_default_generators/cmake)
[1.104s] -- Found rosidl_adapter: 4.6.5 (/opt/ros/jazzy/share/rosidl_adapter/cmake)
[1.338s] [31mCMake Error at /opt/ros/jazzy/share/rosidl_adapter/cmake/rosidl_adapt_interfaces.cmake:57 (message):
[1.338s]   execute_process(/home/harsh/yolo/bin/python3 -m rosidl_adapter
[1.338s]   --package-name px4_msgs --arguments-file
[1.338s]   /home/harsh/ros2_project/build/px4_msgs/rosidl_adapter__arguments__px4_msgs.json
[1.339s]   --output-dir
[1.339s]   /home/harsh/ros2_project/build/px4_msgs/rosidl_adapter/px4_msgs
[1.339s]   --output-file
[1.339s]   /home/harsh/ros2_project/build/px4_msgs/rosidl_adapter/px4_msgs.idls)
[1.339s]   returned error code 1:
[1.339s] 
[1.339s]   Traceback (most recent call last):
[1.339s] 
[1.339s]     File "<frozen runpy>", line 198, in _run_module_as_main
[1.340s]     File "<frozen runpy>", line 88, in _run_code
[1.340s]     File "/opt/ros/jazzy/lib/python3.12/site-packages/rosidl_adapter/__main__.py", line 19, in <module>
[1.340s]       sys.exit(main())
[1.340s]                ^^^^^^
[1.340s]     File "/opt/ros/jazzy/lib/python3.12/site-packages/rosidl_adapter/main.py", line 53, in main
[1.340s]       abs_idl_file = convert_to_idl(
[1.340s]                      ^^^^^^^^^^^^^^^
[1.340s]     File "/opt/ros/jazzy/lib/python3.12/site-packages/rosidl_adapter/__init__.py", line 18, in convert_to_idl
[1.340s]       from rosidl_adapter.msg import convert_msg_to_idl
[1.341s]     File "/opt/ros/jazzy/lib/python3.12/site-packages/rosidl_adapter/msg/__init__.py", line 16, in <module>
[1.341s]       from rosidl_adapter.resource import expand_template
[1.341s]     File "/opt/ros/jazzy/lib/python3.12/site-packages/rosidl_adapter/resource/__init__.py", line 19, in <module>
[1.341s]       import em
[1.341s] 
[1.341s]   ModuleNotFoundError: No module named 'em'
[1.341s] 
[1.341s] Call Stack (most recent call first):
[1.341s]   /opt/ros/jazzy/share/rosidl_cmake/cmake/rosidl_generate_interfaces.cmake:132 (rosidl_adapt_interfaces)
[1.341s]   CMakeLists.txt:28 (rosidl_generate_interfaces)
[1.342s] 
[1.342s] [0m
[1.342s] -- Configuring incomplete, errors occurred!
[1.353s] Invoked command in '/home/harsh/ros2_project/build/px4_msgs' returned '1': CMAKE_PREFIX_PATH=${CMAKE_PREFIX_PATH}:/home/harsh/ros2_project/install/ros2_project:/opt/ros/jazzy DEBUGINFOD_URLS=https://debuginfod.ubuntu.com PS1=(yolo) \[\e]0;\u@\h: \w\a\]${debian_chroot:+($debian_chroot)}\[\033[01;32m\]\u@\h\[\033[00m\]:\[\033[01;34m\]\w\[\033[00m\]\$ VIRTUAL_ENV_PROMPT=(yolo) /usr/bin/cmake /home/harsh/ros2_project/src/px4_msgs -DCMAKE_INSTALL_PREFIX=/home/harsh/ros2_project/install/px4_msgs
