[0.822s] Invoking command in '/home/harsh/ros2_project/src/ros2_project/ros2_project': DEBUGINFOD_URLS=https://debuginfod.ubuntu.com PS1=(yolo) \[\e]0;\u@\h: \w\a\]${debian_chroot:+($debian_chroot)}\[\033[01;32m\]\u@\h\[\033[00m\]:\[\033[01;34m\]\w\[\033[00m\]\$ PYTHONPATH=/home/harsh/ros2_project/build/ros2_project/prefix_override:/usr/lib/python3/dist-packages/colcon_core/task/python/colcon_distutils_commands:/home/harsh/ros2_project/install/ros2_project/lib/python3.12/site-packages:/home/harsh/ros2_project/install/px4_msgs/lib/python3.12/site-packages:/home/harsh/ros2_project/install/ros2_project/lib/python3.12/site-packages:/opt/ros/jazzy/lib/python3.12/site-packages:/home/harsh/ros2_project/install/ros2_project/lib/python3.12/site-packages:/home/harsh/ros2_project/install/px4_msgs/lib/python3.12/site-packages:/opt/ros/jazzy/lib/python3.12/site-packages:$PYTHONPATH:/home/harsh/yolo/lib/python3.12/site-packages:/home/harsh/yolo/lib/python3.12/site-packages VIRTUAL_ENV_PROMPT=(yolo) /usr/bin/python3 -W ignore:setup.py install is deprecated -W ignore:easy_install command is deprecated setup.py egg_info --egg-base ../../../build/ros2_project build --build-base /home/harsh/ros2_project/build/ros2_project/build install --record /home/harsh/ros2_project/build/ros2_project/install.log --single-version-externally-managed install_data
[0.974s] /home/harsh/.local/lib/python3.12/site-packages/setuptools/_distutils/dist.py:289: UserWarning: Unknown distribution option: 'tests_require'
[0.974s]   warnings.warn(msg)
[1.114s] running egg_info
[1.136s] writing ../../../build/ros2_project/ros2_project.egg-info/PKG-INFO
[1.137s] writing dependency_links to ../../../build/ros2_project/ros2_project.egg-info/dependency_links.txt
[1.137s] writing entry points to ../../../build/ros2_project/ros2_project.egg-info/entry_points.txt
[1.137s] writing requirements to ../../../build/ros2_project/ros2_project.egg-info/requires.txt
[1.137s] writing top-level names to ../../../build/ros2_project/ros2_project.egg-info/top_level.txt
[1.172s] reading manifest file '../../../build/ros2_project/ros2_project.egg-info/SOURCES.txt'
[1.172s] adding license file 'LICENSE'
[1.173s] writing manifest file '../../../build/ros2_project/ros2_project.egg-info/SOURCES.txt'
[1.173s] running build
[1.173s] running build_py
[1.173s] copying ros2_project/coordinates (Copy).py -> /home/harsh/ros2_project/build/ros2_project/build/lib/ros2_project
[1.174s] copying ros2_project/yolo.py -> /home/harsh/ros2_project/build/ros2_project/build/lib/ros2_project
[1.174s] copying ros2_project/coordinates.py -> /home/harsh/ros2_project/build/ros2_project/build/lib/ros2_project
[1.174s] running install
[1.178s] running install_lib
[1.196s] copying /home/harsh/ros2_project/build/ros2_project/build/lib/ros2_project/coordinates.py -> /home/harsh/ros2_project/install/ros2_project/lib/python3.12/site-packages/ros2_project
[1.197s] byte-compiling /home/harsh/ros2_project/install/ros2_project/lib/python3.12/site-packages/ros2_project/coordinates.py to coordinates.cpython-312.pyc
[1.199s] running install_data
[1.199s] running install_egg_info
[1.218s] removing '/home/harsh/ros2_project/install/ros2_project/lib/python3.12/site-packages/ros2_project-0.0.0-py3.12.egg-info' (and everything under it)
[1.218s] Copying ../../../build/ros2_project/ros2_project.egg-info to /home/harsh/ros2_project/install/ros2_project/lib/python3.12/site-packages/ros2_project-0.0.0-py3.12.egg-info
[1.220s] running install_scripts
[1.350s] Installing camera_info_publisher script to /home/harsh/ros2_project/install/ros2_project/lib/ros2_project
[1.351s] Installing control script to /home/harsh/ros2_project/install/ros2_project/lib/ros2_project
[1.351s] Installing coordinates script to /home/harsh/ros2_project/install/ros2_project/lib/ros2_project
[1.351s] Installing image_saver script to /home/harsh/ros2_project/install/ros2_project/lib/ros2_project
[1.351s] Installing odometry_tf_broadcaster script to /home/harsh/ros2_project/install/ros2_project/lib/ros2_project
[1.351s] Installing offboard_control script to /home/harsh/ros2_project/install/ros2_project/lib/ros2_project
[1.351s] Installing processes script to /home/harsh/ros2_project/install/ros2_project/lib/ros2_project
[1.351s] Installing velocity_control script to /home/harsh/ros2_project/install/ros2_project/lib/ros2_project
[1.351s] Installing visualizer script to /home/harsh/ros2_project/install/ros2_project/lib/ros2_project
[1.352s] Installing yolo script to /home/harsh/ros2_project/install/ros2_project/lib/ros2_project
[1.352s] writing list of installed files to '/home/harsh/ros2_project/build/ros2_project/install.log'
[1.396s] Invoked command in '/home/harsh/ros2_project/src/ros2_project/ros2_project' returned '0': DEBUGINFOD_URLS=https://debuginfod.ubuntu.com PS1=(yolo) \[\e]0;\u@\h: \w\a\]${debian_chroot:+($debian_chroot)}\[\033[01;32m\]\u@\h\[\033[00m\]:\[\033[01;34m\]\w\[\033[00m\]\$ PYTHONPATH=/home/harsh/ros2_project/build/ros2_project/prefix_override:/usr/lib/python3/dist-packages/colcon_core/task/python/colcon_distutils_commands:/home/harsh/ros2_project/install/ros2_project/lib/python3.12/site-packages:/home/harsh/ros2_project/install/px4_msgs/lib/python3.12/site-packages:/home/harsh/ros2_project/install/ros2_project/lib/python3.12/site-packages:/opt/ros/jazzy/lib/python3.12/site-packages:/home/harsh/ros2_project/install/ros2_project/lib/python3.12/site-packages:/home/harsh/ros2_project/install/px4_msgs/lib/python3.12/site-packages:/opt/ros/jazzy/lib/python3.12/site-packages:$PYTHONPATH:/home/harsh/yolo/lib/python3.12/site-packages:/home/harsh/yolo/lib/python3.12/site-packages VIRTUAL_ENV_PROMPT=(yolo) /usr/bin/python3 -W ignore:setup.py install is deprecated -W ignore:easy_install command is deprecated setup.py egg_info --egg-base ../../../build/ros2_project build --build-base /home/harsh/ros2_project/build/ros2_project/build install --record /home/harsh/ros2_project/build/ros2_project/install.log --single-version-externally-managed install_data
