[0.253s] DEBUG:colcon:Command line arguments: ['/usr/bin/colcon', 'build']
[0.253s] DEBUG:colcon:Parsed command line arguments: Namespace(log_base=None, log_level=None, verb_name='build', build_base='build', install_base='install', merge_install=False, symlink_install=False, test_result_base=None, continue_on_error=False, executor='parallel', parallel_workers=22, event_handlers=None, ignore_user_meta=False, metas=['./colcon.meta'], base_paths=['.'], packages_ignore=None, packages_ignore_regex=None, paths=None, packages_up_to=None, packages_up_to_regex=None, packages_above=None, packages_above_and_dependencies=None, packages_above_depth=None, packages_select_by_dep=None, packages_skip_by_dep=None, packages_skip_up_to=None, packages_select_build_failed=False, packages_skip_build_finished=False, packages_select_test_failures=False, packages_skip_test_passed=False, packages_select=None, packages_skip=None, packages_select_regex=None, packages_skip_regex=None, packages_start=None, packages_end=None, allow_overriding=[], cmake_args=None, cmake_target=None, cmake_target_skip_unavailable=False, cmake_clean_cache=False, cmake_clean_first=False, cmake_force_configure=False, ament_cmake_args=None, catkin_cmake_args=None, catkin_skip_building_tests=False, mixin_files=None, mixin=None, verb_parser=<colcon_mixin.mixin.mixin_argument.MixinArgumentDecorator object at 0x7f70710ad610>, verb_extension=<colcon_core.verb.build.BuildVerb object at 0x7f70710acec0>, main=<bound method BuildVerb.main of <colcon_core.verb.build.BuildVerb object at 0x7f70710acec0>>, mixin_verb=('build',))
[0.316s] Level 1:colcon.colcon_core.package_discovery:discover_packages(colcon_meta) check parameters
[0.316s] Level 1:colcon.colcon_core.package_discovery:discover_packages(recursive) check parameters
[0.316s] Level 1:colcon.colcon_core.package_discovery:discover_packages(ignore) check parameters
[0.316s] Level 1:colcon.colcon_core.package_discovery:discover_packages(path) check parameters
[0.316s] Level 1:colcon.colcon_core.package_discovery:discover_packages(colcon_meta) discover
[0.316s] Level 1:colcon.colcon_core.package_discovery:discover_packages(recursive) discover
[0.316s] INFO:colcon.colcon_core.package_discovery:Crawling recursively for packages in '/home/harsh/ros2_project'
[0.316s] Level 1:colcon.colcon_core.package_identification:_identify(.) by extensions ['ignore', 'ignore_ament_install']
[0.317s] Level 1:colcon.colcon_core.package_identification:_identify(.) by extension 'ignore'
[0.317s] Level 1:colcon.colcon_core.package_identification:_identify(.) by extension 'ignore_ament_install'
[0.317s] Level 1:colcon.colcon_core.package_identification:_identify(.) by extensions ['colcon_pkg']
[0.317s] Level 1:colcon.colcon_core.package_identification:_identify(.) by extension 'colcon_pkg'
[0.317s] Level 1:colcon.colcon_core.package_identification:_identify(.) by extensions ['colcon_meta']
[0.317s] Level 1:colcon.colcon_core.package_identification:_identify(.) by extension 'colcon_meta'
[0.317s] Level 1:colcon.colcon_core.package_identification:_identify(.) by extensions ['ros']
[0.317s] Level 1:colcon.colcon_core.package_identification:_identify(.) by extension 'ros'
[0.346s] Level 1:colcon.colcon_core.package_identification:_identify(.) by extensions ['cmake', 'python']
[0.347s] Level 1:colcon.colcon_core.package_identification:_identify(.) by extension 'cmake'
[0.347s] Level 1:colcon.colcon_core.package_identification:_identify(.) by extension 'python'
[0.347s] Level 1:colcon.colcon_core.package_identification:_identify(.) by extensions ['python_setup_py']
[0.347s] Level 1:colcon.colcon_core.package_identification:_identify(.) by extension 'python_setup_py'
[0.347s] Level 1:colcon.colcon_core.package_identification:_identify(build) by extensions ['ignore', 'ignore_ament_install']
[0.347s] Level 1:colcon.colcon_core.package_identification:_identify(build) by extension 'ignore'
[0.347s] Level 1:colcon.colcon_core.package_identification:_identify(build) ignored
[0.347s] Level 1:colcon.colcon_core.package_identification:_identify(install) by extensions ['ignore', 'ignore_ament_install']
[0.347s] Level 1:colcon.colcon_core.package_identification:_identify(install) by extension 'ignore'
[0.347s] Level 1:colcon.colcon_core.package_identification:_identify(install) ignored
[0.347s] Level 1:colcon.colcon_core.package_identification:_identify(log) by extensions ['ignore', 'ignore_ament_install']
[0.347s] Level 1:colcon.colcon_core.package_identification:_identify(log) by extension 'ignore'
[0.348s] Level 1:colcon.colcon_core.package_identification:_identify(log) ignored
[0.348s] Level 1:colcon.colcon_core.package_identification:_identify(src) by extensions ['ignore', 'ignore_ament_install']
[0.348s] Level 1:colcon.colcon_core.package_identification:_identify(src) by extension 'ignore'
[0.348s] Level 1:colcon.colcon_core.package_identification:_identify(src) by extension 'ignore_ament_install'
[0.348s] Level 1:colcon.colcon_core.package_identification:_identify(src) by extensions ['colcon_pkg']
[0.348s] Level 1:colcon.colcon_core.package_identification:_identify(src) by extension 'colcon_pkg'
[0.348s] Level 1:colcon.colcon_core.package_identification:_identify(src) by extensions ['colcon_meta']
[0.348s] Level 1:colcon.colcon_core.package_identification:_identify(src) by extension 'colcon_meta'
[0.348s] Level 1:colcon.colcon_core.package_identification:_identify(src) by extensions ['ros']
[0.348s] Level 1:colcon.colcon_core.package_identification:_identify(src) by extension 'ros'
[0.348s] Level 1:colcon.colcon_core.package_identification:_identify(src) by extensions ['cmake', 'python']
[0.348s] Level 1:colcon.colcon_core.package_identification:_identify(src) by extension 'cmake'
[0.348s] Level 1:colcon.colcon_core.package_identification:_identify(src) by extension 'python'
[0.348s] Level 1:colcon.colcon_core.package_identification:_identify(src) by extensions ['python_setup_py']
[0.348s] Level 1:colcon.colcon_core.package_identification:_identify(src) by extension 'python_setup_py'
[0.348s] Level 1:colcon.colcon_core.package_identification:_identify(src/px4_msgs) by extensions ['ignore', 'ignore_ament_install']
[0.348s] Level 1:colcon.colcon_core.package_identification:_identify(src/px4_msgs) by extension 'ignore'
[0.348s] Level 1:colcon.colcon_core.package_identification:_identify(src/px4_msgs) by extension 'ignore_ament_install'
[0.348s] Level 1:colcon.colcon_core.package_identification:_identify(src/px4_msgs) by extensions ['colcon_pkg']
[0.348s] Level 1:colcon.colcon_core.package_identification:_identify(src/px4_msgs) by extension 'colcon_pkg'
[0.348s] Level 1:colcon.colcon_core.package_identification:_identify(src/px4_msgs) by extensions ['colcon_meta']
[0.348s] Level 1:colcon.colcon_core.package_identification:_identify(src/px4_msgs) by extension 'colcon_meta'
[0.348s] Level 1:colcon.colcon_core.package_identification:_identify(src/px4_msgs) by extensions ['ros']
[0.348s] Level 1:colcon.colcon_core.package_identification:_identify(src/px4_msgs) by extension 'ros'
[0.351s] DEBUG:colcon.colcon_core.package_identification:Package 'src/px4_msgs' with type 'ros.ament_cmake' and name 'px4_msgs'
[0.351s] Level 1:colcon.colcon_core.package_identification:_identify(src/ros2_project) by extensions ['ignore', 'ignore_ament_install']
[0.352s] Level 1:colcon.colcon_core.package_identification:_identify(src/ros2_project) by extension 'ignore'
[0.352s] Level 1:colcon.colcon_core.package_identification:_identify(src/ros2_project) by extension 'ignore_ament_install'
[0.352s] Level 1:colcon.colcon_core.package_identification:_identify(src/ros2_project) by extensions ['colcon_pkg']
[0.352s] Level 1:colcon.colcon_core.package_identification:_identify(src/ros2_project) by extension 'colcon_pkg'
[0.352s] Level 1:colcon.colcon_core.package_identification:_identify(src/ros2_project) by extensions ['colcon_meta']
[0.352s] Level 1:colcon.colcon_core.package_identification:_identify(src/ros2_project) by extension 'colcon_meta'
[0.352s] Level 1:colcon.colcon_core.package_identification:_identify(src/ros2_project) by extensions ['ros']
[0.352s] Level 1:colcon.colcon_core.package_identification:_identify(src/ros2_project) by extension 'ros'
[0.352s] Level 1:colcon.colcon_core.package_identification:_identify(src/ros2_project) by extensions ['cmake', 'python']
[0.352s] Level 1:colcon.colcon_core.package_identification:_identify(src/ros2_project) by extension 'cmake'
[0.352s] Level 1:colcon.colcon_core.package_identification:_identify(src/ros2_project) by extension 'python'
[0.352s] Level 1:colcon.colcon_core.package_identification:_identify(src/ros2_project) by extensions ['python_setup_py']
[0.352s] Level 1:colcon.colcon_core.package_identification:_identify(src/ros2_project) by extension 'python_setup_py'
[0.352s] Level 1:colcon.colcon_core.package_identification:_identify(src/ros2_project/ros2_project) by extensions ['ignore', 'ignore_ament_install']
[0.352s] Level 1:colcon.colcon_core.package_identification:_identify(src/ros2_project/ros2_project) by extension 'ignore'
[0.352s] Level 1:colcon.colcon_core.package_identification:_identify(src/ros2_project/ros2_project) by extension 'ignore_ament_install'
[0.352s] Level 1:colcon.colcon_core.package_identification:_identify(src/ros2_project/ros2_project) by extensions ['colcon_pkg']
[0.352s] Level 1:colcon.colcon_core.package_identification:_identify(src/ros2_project/ros2_project) by extension 'colcon_pkg'
[0.352s] Level 1:colcon.colcon_core.package_identification:_identify(src/ros2_project/ros2_project) by extensions ['colcon_meta']
[0.352s] Level 1:colcon.colcon_core.package_identification:_identify(src/ros2_project/ros2_project) by extension 'colcon_meta'
[0.352s] Level 1:colcon.colcon_core.package_identification:_identify(src/ros2_project/ros2_project) by extensions ['ros']
[0.352s] Level 1:colcon.colcon_core.package_identification:_identify(src/ros2_project/ros2_project) by extension 'ros'
[0.353s] DEBUG:colcon.colcon_core.package_identification:Package 'src/ros2_project/ros2_project' with type 'ros.ament_python' and name 'ros2_project'
[0.353s] Level 1:colcon.colcon_core.package_discovery:discover_packages(recursive) using defaults
[0.353s] Level 1:colcon.colcon_core.package_discovery:discover_packages(ignore) discover
[0.353s] Level 1:colcon.colcon_core.package_discovery:discover_packages(ignore) using defaults
[0.353s] Level 1:colcon.colcon_core.package_discovery:discover_packages(path) discover
[0.353s] Level 1:colcon.colcon_core.package_discovery:discover_packages(path) using defaults
[0.379s] Level 1:colcon.colcon_core.package_discovery:discover_packages(prefix_path) check parameters
[0.379s] Level 1:colcon.colcon_core.package_discovery:discover_packages(prefix_path) discover
[0.381s] DEBUG:colcon.colcon_installed_package_information.package_discovery:Found 2 installed packages in /home/harsh/ros2_project/install
[0.383s] DEBUG:colcon.colcon_installed_package_information.package_discovery:Found 407 installed packages in /opt/ros/jazzy
[0.385s] Level 1:colcon.colcon_core.package_discovery:discover_packages(prefix_path) using defaults
[0.447s] Level 5:colcon.colcon_core.verb:set package 'px4_msgs' build argument 'cmake_args' from command line to 'None'
[0.447s] Level 5:colcon.colcon_core.verb:set package 'px4_msgs' build argument 'cmake_target' from command line to 'None'
[0.447s] Level 5:colcon.colcon_core.verb:set package 'px4_msgs' build argument 'cmake_target_skip_unavailable' from command line to 'False'
[0.447s] Level 5:colcon.colcon_core.verb:set package 'px4_msgs' build argument 'cmake_clean_cache' from command line to 'False'
[0.447s] Level 5:colcon.colcon_core.verb:set package 'px4_msgs' build argument 'cmake_clean_first' from command line to 'False'
[0.447s] Level 5:colcon.colcon_core.verb:set package 'px4_msgs' build argument 'cmake_force_configure' from command line to 'False'
[0.447s] Level 5:colcon.colcon_core.verb:set package 'px4_msgs' build argument 'ament_cmake_args' from command line to 'None'
[0.447s] Level 5:colcon.colcon_core.verb:set package 'px4_msgs' build argument 'catkin_cmake_args' from command line to 'None'
[0.447s] Level 5:colcon.colcon_core.verb:set package 'px4_msgs' build argument 'catkin_skip_building_tests' from command line to 'False'
[0.447s] DEBUG:colcon.colcon_core.verb:Building package 'px4_msgs' with the following arguments: {'ament_cmake_args': None, 'build_base': '/home/harsh/ros2_project/build/px4_msgs', 'catkin_cmake_args': None, 'catkin_skip_building_tests': False, 'cmake_args': None, 'cmake_clean_cache': False, 'cmake_clean_first': False, 'cmake_force_configure': False, 'cmake_target': None, 'cmake_target_skip_unavailable': False, 'install_base': '/home/harsh/ros2_project/install/px4_msgs', 'merge_install': False, 'path': '/home/harsh/ros2_project/src/px4_msgs', 'symlink_install': False, 'test_result_base': None}
[0.448s] Level 5:colcon.colcon_core.verb:set package 'ros2_project' build argument 'cmake_args' from command line to 'None'
[0.448s] Level 5:colcon.colcon_core.verb:set package 'ros2_project' build argument 'cmake_target' from command line to 'None'
[0.448s] Level 5:colcon.colcon_core.verb:set package 'ros2_project' build argument 'cmake_target_skip_unavailable' from command line to 'False'
[0.448s] Level 5:colcon.colcon_core.verb:set package 'ros2_project' build argument 'cmake_clean_cache' from command line to 'False'
[0.448s] Level 5:colcon.colcon_core.verb:set package 'ros2_project' build argument 'cmake_clean_first' from command line to 'False'
[0.448s] Level 5:colcon.colcon_core.verb:set package 'ros2_project' build argument 'cmake_force_configure' from command line to 'False'
[0.448s] Level 5:colcon.colcon_core.verb:set package 'ros2_project' build argument 'ament_cmake_args' from command line to 'None'
[0.448s] Level 5:colcon.colcon_core.verb:set package 'ros2_project' build argument 'catkin_cmake_args' from command line to 'None'
[0.448s] Level 5:colcon.colcon_core.verb:set package 'ros2_project' build argument 'catkin_skip_building_tests' from command line to 'False'
[0.448s] DEBUG:colcon.colcon_core.verb:Building package 'ros2_project' with the following arguments: {'ament_cmake_args': None, 'build_base': '/home/harsh/ros2_project/build/ros2_project', 'catkin_cmake_args': None, 'catkin_skip_building_tests': False, 'cmake_args': None, 'cmake_clean_cache': False, 'cmake_clean_first': False, 'cmake_force_configure': False, 'cmake_target': None, 'cmake_target_skip_unavailable': False, 'install_base': '/home/harsh/ros2_project/install/ros2_project', 'merge_install': False, 'path': '/home/harsh/ros2_project/src/ros2_project/ros2_project', 'symlink_install': False, 'test_result_base': None}
[0.448s] INFO:colcon.colcon_core.executor:Executing jobs using 'parallel' executor
[0.449s] DEBUG:colcon.colcon_parallel_executor.executor.parallel:run_until_complete
[0.450s] INFO:colcon.colcon_ros.task.ament_cmake.build:Building ROS package in '/home/harsh/ros2_project/src/px4_msgs' with build type 'ament_cmake'
[0.450s] INFO:colcon.colcon_cmake.task.cmake.build:Building CMake package in '/home/harsh/ros2_project/src/px4_msgs'
[0.453s] INFO:colcon.colcon_core.plugin_system:Skipping extension 'colcon_core.shell.bat': Not used on non-Windows systems
[0.453s] INFO:colcon.colcon_core.shell:Skip shell extension 'powershell' for command environment: Not usable outside of PowerShell
[0.454s] DEBUG:colcon.colcon_core.shell:Skip shell extension 'dsv' for command environment
[0.469s] DEBUG:colcon.colcon_core.event_handler.log_command:Invoking command in '/home/harsh/ros2_project/build/px4_msgs': CMAKE_PREFIX_PATH=${CMAKE_PREFIX_PATH}:/home/harsh/ros2_project/install/ros2_project:/opt/ros/jazzy DEBUGINFOD_URLS=https://debuginfod.ubuntu.com PS1=(yolo) \[\e]0;\u@\h: \w\a\]${debian_chroot:+($debian_chroot)}\[\033[01;32m\]\u@\h\[\033[00m\]:\[\033[01;34m\]\w\[\033[00m\]\$ VIRTUAL_ENV_PROMPT=(yolo) /usr/bin/cmake --build /home/harsh/ros2_project/build/px4_msgs -- -j22 -l22
[2.208s] DEBUG:colcon.colcon_core.event_handler.log_command:Invoked command in '/home/harsh/ros2_project/build/px4_msgs' returned '0': CMAKE_PREFIX_PATH=${CMAKE_PREFIX_PATH}:/home/harsh/ros2_project/install/ros2_project:/opt/ros/jazzy DEBUGINFOD_URLS=https://debuginfod.ubuntu.com PS1=(yolo) \[\e]0;\u@\h: \w\a\]${debian_chroot:+($debian_chroot)}\[\033[01;32m\]\u@\h\[\033[00m\]:\[\033[01;34m\]\w\[\033[00m\]\$ VIRTUAL_ENV_PROMPT=(yolo) /usr/bin/cmake --build /home/harsh/ros2_project/build/px4_msgs -- -j22 -l22
[2.223s] DEBUG:colcon.colcon_core.event_handler.log_command:Invoking command in '/home/harsh/ros2_project/build/px4_msgs': CMAKE_PREFIX_PATH=${CMAKE_PREFIX_PATH}:/home/harsh/ros2_project/install/ros2_project:/opt/ros/jazzy DEBUGINFOD_URLS=https://debuginfod.ubuntu.com PS1=(yolo) \[\e]0;\u@\h: \w\a\]${debian_chroot:+($debian_chroot)}\[\033[01;32m\]\u@\h\[\033[00m\]:\[\033[01;34m\]\w\[\033[00m\]\$ VIRTUAL_ENV_PROMPT=(yolo) /usr/bin/cmake --install /home/harsh/ros2_project/build/px4_msgs
[2.681s] Level 1:colcon.colcon_core.environment:create_environment_scripts_only(px4_msgs)
[2.682s] DEBUG:colcon.colcon_core.event_handler.log_command:Invoked command in '/home/harsh/ros2_project/build/px4_msgs' returned '0': CMAKE_PREFIX_PATH=${CMAKE_PREFIX_PATH}:/home/harsh/ros2_project/install/ros2_project:/opt/ros/jazzy DEBUGINFOD_URLS=https://debuginfod.ubuntu.com PS1=(yolo) \[\e]0;\u@\h: \w\a\]${debian_chroot:+($debian_chroot)}\[\033[01;32m\]\u@\h\[\033[00m\]:\[\033[01;34m\]\w\[\033[00m\]\$ VIRTUAL_ENV_PROMPT=(yolo) /usr/bin/cmake --install /home/harsh/ros2_project/build/px4_msgs
[2.685s] Level 1:colcon.colcon_core.environment:checking '/home/harsh/ros2_project/install/px4_msgs' for CMake module files
[2.686s] Level 1:colcon.colcon_core.environment:checking '/home/harsh/ros2_project/install/px4_msgs' for CMake config files
[2.691s] Level 1:colcon.colcon_core.shell:create_environment_hook('px4_msgs', 'cmake_prefix_path')
[2.691s] INFO:colcon.colcon_core.shell:Creating environment hook '/home/harsh/ros2_project/install/px4_msgs/share/px4_msgs/hook/cmake_prefix_path.ps1'
[2.692s] INFO:colcon.colcon_core.shell:Creating environment descriptor '/home/harsh/ros2_project/install/px4_msgs/share/px4_msgs/hook/cmake_prefix_path.dsv'
[2.692s] INFO:colcon.colcon_core.shell:Creating environment hook '/home/harsh/ros2_project/install/px4_msgs/share/px4_msgs/hook/cmake_prefix_path.sh'
[2.694s] Level 1:colcon.colcon_core.environment:checking '/home/harsh/ros2_project/install/px4_msgs/lib'
[2.694s] Level 1:colcon.colcon_core.shell:create_environment_hook('px4_msgs', 'ld_library_path_lib')
[2.694s] INFO:colcon.colcon_core.shell:Creating environment hook '/home/harsh/ros2_project/install/px4_msgs/share/px4_msgs/hook/ld_library_path_lib.ps1'
[2.694s] INFO:colcon.colcon_core.shell:Creating environment descriptor '/home/harsh/ros2_project/install/px4_msgs/share/px4_msgs/hook/ld_library_path_lib.dsv'
[2.695s] INFO:colcon.colcon_core.shell:Creating environment hook '/home/harsh/ros2_project/install/px4_msgs/share/px4_msgs/hook/ld_library_path_lib.sh'
[2.695s] Level 1:colcon.colcon_core.environment:checking '/home/harsh/ros2_project/install/px4_msgs/bin'
[2.695s] Level 1:colcon.colcon_core.environment:checking '/home/harsh/ros2_project/install/px4_msgs/lib/pkgconfig/px4_msgs.pc'
[2.695s] Level 1:colcon.colcon_core.environment:checking '/home/harsh/ros2_project/install/px4_msgs/lib/python3.12/site-packages'
[2.696s] Level 1:colcon.colcon_core.shell:create_environment_hook('px4_msgs', 'pythonpath')
[2.696s] INFO:colcon.colcon_core.shell:Creating environment hook '/home/harsh/ros2_project/install/px4_msgs/share/px4_msgs/hook/pythonpath.ps1'
[2.696s] INFO:colcon.colcon_core.shell:Creating environment descriptor '/home/harsh/ros2_project/install/px4_msgs/share/px4_msgs/hook/pythonpath.dsv'
[2.697s] INFO:colcon.colcon_core.shell:Creating environment hook '/home/harsh/ros2_project/install/px4_msgs/share/px4_msgs/hook/pythonpath.sh'
[2.697s] Level 1:colcon.colcon_core.environment:checking '/home/harsh/ros2_project/install/px4_msgs/bin'
[2.697s] INFO:colcon.colcon_core.shell:Creating package script '/home/harsh/ros2_project/install/px4_msgs/share/px4_msgs/package.ps1'
[2.698s] INFO:colcon.colcon_core.shell:Creating package descriptor '/home/harsh/ros2_project/install/px4_msgs/share/px4_msgs/package.dsv'
[2.699s] INFO:colcon.colcon_core.shell:Creating package script '/home/harsh/ros2_project/install/px4_msgs/share/px4_msgs/package.sh'
[2.699s] INFO:colcon.colcon_core.shell:Creating package script '/home/harsh/ros2_project/install/px4_msgs/share/px4_msgs/package.bash'
[2.700s] INFO:colcon.colcon_core.shell:Creating package script '/home/harsh/ros2_project/install/px4_msgs/share/px4_msgs/package.zsh'
[2.700s] Level 1:colcon.colcon_core.environment:create_file_with_runtime_dependencies(/home/harsh/ros2_project/install/px4_msgs/share/colcon-core/packages/px4_msgs)
[2.701s] Level 1:colcon.colcon_core.environment:create_environment_scripts_only(px4_msgs)
[2.701s] Level 1:colcon.colcon_core.environment:checking '/home/harsh/ros2_project/install/px4_msgs' for CMake module files
[2.702s] Level 1:colcon.colcon_core.environment:checking '/home/harsh/ros2_project/install/px4_msgs' for CMake config files
[2.705s] Level 1:colcon.colcon_core.shell:create_environment_hook('px4_msgs', 'cmake_prefix_path')
[2.705s] INFO:colcon.colcon_core.shell:Creating environment hook '/home/harsh/ros2_project/install/px4_msgs/share/px4_msgs/hook/cmake_prefix_path.ps1'
[2.706s] INFO:colcon.colcon_core.shell:Creating environment descriptor '/home/harsh/ros2_project/install/px4_msgs/share/px4_msgs/hook/cmake_prefix_path.dsv'
[2.706s] INFO:colcon.colcon_core.shell:Creating environment hook '/home/harsh/ros2_project/install/px4_msgs/share/px4_msgs/hook/cmake_prefix_path.sh'
[2.707s] Level 1:colcon.colcon_core.environment:checking '/home/harsh/ros2_project/install/px4_msgs/lib'
[2.707s] Level 1:colcon.colcon_core.shell:create_environment_hook('px4_msgs', 'ld_library_path_lib')
[2.707s] INFO:colcon.colcon_core.shell:Creating environment hook '/home/harsh/ros2_project/install/px4_msgs/share/px4_msgs/hook/ld_library_path_lib.ps1'
[2.707s] INFO:colcon.colcon_core.shell:Creating environment descriptor '/home/harsh/ros2_project/install/px4_msgs/share/px4_msgs/hook/ld_library_path_lib.dsv'
[2.708s] INFO:colcon.colcon_core.shell:Creating environment hook '/home/harsh/ros2_project/install/px4_msgs/share/px4_msgs/hook/ld_library_path_lib.sh'
[2.708s] Level 1:colcon.colcon_core.environment:checking '/home/harsh/ros2_project/install/px4_msgs/bin'
[2.708s] Level 1:colcon.colcon_core.environment:checking '/home/harsh/ros2_project/install/px4_msgs/lib/pkgconfig/px4_msgs.pc'
[2.708s] Level 1:colcon.colcon_core.environment:checking '/home/harsh/ros2_project/install/px4_msgs/lib/python3.12/site-packages'
[2.708s] Level 1:colcon.colcon_core.shell:create_environment_hook('px4_msgs', 'pythonpath')
[2.708s] INFO:colcon.colcon_core.shell:Creating environment hook '/home/harsh/ros2_project/install/px4_msgs/share/px4_msgs/hook/pythonpath.ps1'
[2.709s] INFO:colcon.colcon_core.shell:Creating environment descriptor '/home/harsh/ros2_project/install/px4_msgs/share/px4_msgs/hook/pythonpath.dsv'
[2.709s] INFO:colcon.colcon_core.shell:Creating environment hook '/home/harsh/ros2_project/install/px4_msgs/share/px4_msgs/hook/pythonpath.sh'
[2.710s] Level 1:colcon.colcon_core.environment:checking '/home/harsh/ros2_project/install/px4_msgs/bin'
[2.710s] INFO:colcon.colcon_core.shell:Creating package script '/home/harsh/ros2_project/install/px4_msgs/share/px4_msgs/package.ps1'
[2.711s] INFO:colcon.colcon_core.shell:Creating package descriptor '/home/harsh/ros2_project/install/px4_msgs/share/px4_msgs/package.dsv'
[2.712s] INFO:colcon.colcon_core.shell:Creating package script '/home/harsh/ros2_project/install/px4_msgs/share/px4_msgs/package.sh'
[2.712s] INFO:colcon.colcon_core.shell:Creating package script '/home/harsh/ros2_project/install/px4_msgs/share/px4_msgs/package.bash'
[2.713s] INFO:colcon.colcon_core.shell:Creating package script '/home/harsh/ros2_project/install/px4_msgs/share/px4_msgs/package.zsh'
[2.713s] Level 1:colcon.colcon_core.environment:create_file_with_runtime_dependencies(/home/harsh/ros2_project/install/px4_msgs/share/colcon-core/packages/px4_msgs)
[2.714s] INFO:colcon.colcon_ros.task.ament_python.build:Building ROS package in '/home/harsh/ros2_project/src/ros2_project/ros2_project' with build type 'ament_python'
[2.714s] Level 1:colcon.colcon_core.shell:create_environment_hook('ros2_project', 'ament_prefix_path')
[2.715s] INFO:colcon.colcon_core.shell:Creating environment hook '/home/harsh/ros2_project/install/ros2_project/share/ros2_project/hook/ament_prefix_path.ps1'
[2.716s] INFO:colcon.colcon_core.shell:Creating environment descriptor '/home/harsh/ros2_project/install/ros2_project/share/ros2_project/hook/ament_prefix_path.dsv'
[2.717s] INFO:colcon.colcon_core.shell:Creating environment hook '/home/harsh/ros2_project/install/ros2_project/share/ros2_project/hook/ament_prefix_path.sh'
[2.717s] INFO:colcon.colcon_core.shell:Skip shell extension 'powershell' for command environment: Not usable outside of PowerShell
[2.717s] DEBUG:colcon.colcon_core.shell:Skip shell extension 'dsv' for command environment
[3.029s] INFO:colcon.colcon_core.task.python.build:Building Python package in '/home/harsh/ros2_project/src/ros2_project/ros2_project'
[3.029s] INFO:colcon.colcon_core.shell:Skip shell extension 'powershell' for command environment: Not usable outside of PowerShell
[3.029s] DEBUG:colcon.colcon_core.shell:Skip shell extension 'dsv' for command environment
[3.717s] DEBUG:colcon.colcon_core.event_handler.log_command:Invoking command in '/home/harsh/ros2_project/src/ros2_project/ros2_project': DEBUGINFOD_URLS=https://debuginfod.ubuntu.com PS1=(yolo) \[\e]0;\u@\h: \w\a\]${debian_chroot:+($debian_chroot)}\[\033[01;32m\]\u@\h\[\033[00m\]:\[\033[01;34m\]\w\[\033[00m\]\$ PYTHONPATH=/home/harsh/ros2_project/build/ros2_project/prefix_override:/usr/lib/python3/dist-packages/colcon_core/task/python/colcon_distutils_commands:/home/harsh/ros2_project/install/ros2_project/lib/python3.12/site-packages:/home/harsh/ros2_project/install/px4_msgs/lib/python3.12/site-packages:/home/harsh/ros2_project/install/ros2_project/lib/python3.12/site-packages:/opt/ros/jazzy/lib/python3.12/site-packages:/home/harsh/ros2_project/install/ros2_project/lib/python3.12/site-packages:/home/harsh/ros2_project/install/px4_msgs/lib/python3.12/site-packages:/opt/ros/jazzy/lib/python3.12/site-packages:$PYTHONPATH:/home/harsh/yolo/lib/python3.12/site-packages:/home/harsh/yolo/lib/python3.12/site-packages VIRTUAL_ENV_PROMPT=(yolo) /usr/bin/python3 -W ignore:setup.py install is deprecated -W ignore:easy_install command is deprecated setup.py egg_info --egg-base ../../../build/ros2_project build --build-base /home/harsh/ros2_project/build/ros2_project/build install --record /home/harsh/ros2_project/build/ros2_project/install.log --single-version-externally-managed install_data
[4.395s] Level 1:colcon.colcon_core.environment:checking '/home/harsh/ros2_project/install/ros2_project' for CMake module files
[4.396s] DEBUG:colcon.colcon_core.event_handler.log_command:Invoked command in '/home/harsh/ros2_project/src/ros2_project/ros2_project' returned '0': DEBUGINFOD_URLS=https://debuginfod.ubuntu.com PS1=(yolo) \[\e]0;\u@\h: \w\a\]${debian_chroot:+($debian_chroot)}\[\033[01;32m\]\u@\h\[\033[00m\]:\[\033[01;34m\]\w\[\033[00m\]\$ PYTHONPATH=/home/harsh/ros2_project/build/ros2_project/prefix_override:/usr/lib/python3/dist-packages/colcon_core/task/python/colcon_distutils_commands:/home/harsh/ros2_project/install/ros2_project/lib/python3.12/site-packages:/home/harsh/ros2_project/install/px4_msgs/lib/python3.12/site-packages:/home/harsh/ros2_project/install/ros2_project/lib/python3.12/site-packages:/opt/ros/jazzy/lib/python3.12/site-packages:/home/harsh/ros2_project/install/ros2_project/lib/python3.12/site-packages:/home/harsh/ros2_project/install/px4_msgs/lib/python3.12/site-packages:/opt/ros/jazzy/lib/python3.12/site-packages:$PYTHONPATH:/home/harsh/yolo/lib/python3.12/site-packages:/home/harsh/yolo/lib/python3.12/site-packages VIRTUAL_ENV_PROMPT=(yolo) /usr/bin/python3 -W ignore:setup.py install is deprecated -W ignore:easy_install command is deprecated setup.py egg_info --egg-base ../../../build/ros2_project build --build-base /home/harsh/ros2_project/build/ros2_project/build install --record /home/harsh/ros2_project/build/ros2_project/install.log --single-version-externally-managed install_data
[4.397s] Level 1:colcon.colcon_core.environment:checking '/home/harsh/ros2_project/install/ros2_project' for CMake config files
[4.397s] Level 1:colcon.colcon_core.environment:checking '/home/harsh/ros2_project/install/ros2_project/lib'
[4.397s] Level 1:colcon.colcon_core.environment:checking '/home/harsh/ros2_project/install/ros2_project/bin'
[4.397s] Level 1:colcon.colcon_core.environment:checking '/home/harsh/ros2_project/install/ros2_project/lib/pkgconfig/ros2_project.pc'
[4.398s] Level 1:colcon.colcon_core.environment:checking '/home/harsh/ros2_project/install/ros2_project/lib/python3.12/site-packages'
[4.398s] Level 1:colcon.colcon_core.shell:create_environment_hook('ros2_project', 'pythonpath')
[4.398s] INFO:colcon.colcon_core.shell:Creating environment hook '/home/harsh/ros2_project/install/ros2_project/share/ros2_project/hook/pythonpath.ps1'
[4.399s] INFO:colcon.colcon_core.shell:Creating environment descriptor '/home/harsh/ros2_project/install/ros2_project/share/ros2_project/hook/pythonpath.dsv'
[4.399s] INFO:colcon.colcon_core.shell:Creating environment hook '/home/harsh/ros2_project/install/ros2_project/share/ros2_project/hook/pythonpath.sh'
[4.400s] Level 1:colcon.colcon_core.environment:checking '/home/harsh/ros2_project/install/ros2_project/bin'
[4.400s] Level 1:colcon.colcon_core.environment:create_environment_scripts_only(ros2_project)
[4.400s] INFO:colcon.colcon_core.shell:Creating package script '/home/harsh/ros2_project/install/ros2_project/share/ros2_project/package.ps1'
[4.401s] INFO:colcon.colcon_core.shell:Creating package descriptor '/home/harsh/ros2_project/install/ros2_project/share/ros2_project/package.dsv'
[4.401s] INFO:colcon.colcon_core.shell:Creating package script '/home/harsh/ros2_project/install/ros2_project/share/ros2_project/package.sh'
[4.402s] INFO:colcon.colcon_core.shell:Creating package script '/home/harsh/ros2_project/install/ros2_project/share/ros2_project/package.bash'
[4.403s] INFO:colcon.colcon_core.shell:Creating package script '/home/harsh/ros2_project/install/ros2_project/share/ros2_project/package.zsh'
[4.403s] Level 1:colcon.colcon_core.environment:create_file_with_runtime_dependencies(/home/harsh/ros2_project/install/ros2_project/share/colcon-core/packages/ros2_project)
[4.404s] DEBUG:colcon.colcon_parallel_executor.executor.parallel:closing loop
[4.404s] DEBUG:colcon.colcon_parallel_executor.executor.parallel:loop closed
[4.404s] DEBUG:colcon.colcon_parallel_executor.executor.parallel:run_until_complete finished with '0'
[4.405s] DEBUG:colcon.colcon_core.event_reactor:joining thread
[4.412s] INFO:colcon.colcon_core.plugin_system:Skipping extension 'colcon_notification.desktop_notification.terminal_notifier': Not used on non-Darwin systems
[4.412s] INFO:colcon.colcon_core.plugin_system:Skipping extension 'colcon_notification.desktop_notification.win32': Not used on non-Windows systems
[4.412s] INFO:colcon.colcon_notification.desktop_notification:Sending desktop notification using 'notify2'
[4.464s] DEBUG:colcon.colcon_core.event_reactor:joined thread
[4.465s] INFO:colcon.colcon_core.shell:Creating prefix script '/home/harsh/ros2_project/install/local_setup.ps1'
[4.467s] INFO:colcon.colcon_core.shell:Creating prefix util module '/home/harsh/ros2_project/install/_local_setup_util_ps1.py'
[4.469s] INFO:colcon.colcon_core.shell:Creating prefix chain script '/home/harsh/ros2_project/install/setup.ps1'
[4.471s] INFO:colcon.colcon_core.shell:Creating prefix script '/home/harsh/ros2_project/install/local_setup.sh'
[4.472s] INFO:colcon.colcon_core.shell:Creating prefix util module '/home/harsh/ros2_project/install/_local_setup_util_sh.py'
[4.473s] INFO:colcon.colcon_core.shell:Creating prefix chain script '/home/harsh/ros2_project/install/setup.sh'
[4.475s] INFO:colcon.colcon_core.shell:Creating prefix script '/home/harsh/ros2_project/install/local_setup.bash'
[4.476s] INFO:colcon.colcon_core.shell:Creating prefix chain script '/home/harsh/ros2_project/install/setup.bash'
[4.478s] INFO:colcon.colcon_core.shell:Creating prefix script '/home/harsh/ros2_project/install/local_setup.zsh'
[4.479s] INFO:colcon.colcon_core.shell:Creating prefix chain script '/home/harsh/ros2_project/install/setup.zsh'
